../Core/Src/traffic_light.c:9:6:my_GPIO_INIT	40	static
../Core/Src/traffic_light.c:37:6:set_LED	16	static
../Core/Src/traffic_light.c:50:15:read_PIN	24	static
../Core/Src/traffic_light.c:60:13:getColorName	16	static
../Core/Src/traffic_light.c:71:5:read_button	24	static
../Core/Src/traffic_light.c:87:6:reset_LEDS	8	static
../Core/Src/traffic_light.c:91:6:nextStateMachine	32	static
../Core/Src/traffic_light.c:176:6:check_button	24	static
../Core/Src/traffic_light.c:183:6:enable_interrupt	16	static
../Core/Src/traffic_light.c:188:6:disable_interrupt	16	static
../Core/Src/traffic_light.c:194:6:deshifr	184	static
