Archive member included to satisfy reference by file (symbol)

c:/st/stm32cubeide_1.12.0/stm32cubeide/plugins/com.st.stm32cube.ide.mcu.externaltools.gnu-tools-for-stm32.10.3-2021.10.win32_1.0.200.202301161003/tools/bin/../lib/gcc/arm-none-eabi/10.3.1/../../../../arm-none-eabi/lib/thumb/v7e-m+fp/hard\libc_nano.a(lib_a-errno.o)
                              ./Core/Src/syscalls.o (__errno)
c:/st/stm32cubeide_1.12.0/stm32cubeide/plugins/com.st.stm32cube.ide.mcu.externaltools.gnu-tools-for-stm32.10.3-2021.10.win32_1.0.200.202301161003/tools/bin/../lib/gcc/arm-none-eabi/10.3.1/../../../../arm-none-eabi/lib/thumb/v7e-m+fp/hard\libc_nano.a(lib_a-exit.o)
                              c:/st/stm32cubeide_1.12.0/stm32cubeide/plugins/com.st.stm32cube.ide.mcu.externaltools.gnu-tools-for-stm32.10.3-2021.10.win32_1.0.200.202301161003/tools/bin/../lib/gcc/arm-none-eabi/10.3.1/../../../../arm-none-eabi/lib/thumb/v7e-m+fp/hard/crt0.o (exit)
c:/st/stm32cubeide_1.12.0/stm32cubeide/plugins/com.st.stm32cube.ide.mcu.externaltools.gnu-tools-for-stm32.10.3-2021.10.win32_1.0.200.202301161003/tools/bin/../lib/gcc/arm-none-eabi/10.3.1/../../../../arm-none-eabi/lib/thumb/v7e-m+fp/hard\libc_nano.a(lib_a-impure.o)
                              c:/st/stm32cubeide_1.12.0/stm32cubeide/plugins/com.st.stm32cube.ide.mcu.externaltools.gnu-tools-for-stm32.10.3-2021.10.win32_1.0.200.202301161003/tools/bin/../lib/gcc/arm-none-eabi/10.3.1/../../../../arm-none-eabi/lib/thumb/v7e-m+fp/hard\libc_nano.a(lib_a-exit.o) (_global_impure_ptr)
c:/st/stm32cubeide_1.12.0/stm32cubeide/plugins/com.st.stm32cube.ide.mcu.externaltools.gnu-tools-for-stm32.10.3-2021.10.win32_1.0.200.202301161003/tools/bin/../lib/gcc/arm-none-eabi/10.3.1/../../../../arm-none-eabi/lib/thumb/v7e-m+fp/hard\libc_nano.a(lib_a-init.o)
                              c:/st/stm32cubeide_1.12.0/stm32cubeide/plugins/com.st.stm32cube.ide.mcu.externaltools.gnu-tools-for-stm32.10.3-2021.10.win32_1.0.200.202301161003/tools/bin/../lib/gcc/arm-none-eabi/10.3.1/../../../../arm-none-eabi/lib/thumb/v7e-m+fp/hard/crt0.o (__libc_init_array)
c:/st/stm32cubeide_1.12.0/stm32cubeide/plugins/com.st.stm32cube.ide.mcu.externaltools.gnu-tools-for-stm32.10.3-2021.10.win32_1.0.200.202301161003/tools/bin/../lib/gcc/arm-none-eabi/10.3.1/../../../../arm-none-eabi/lib/thumb/v7e-m+fp/hard\libc_nano.a(lib_a-memset.o)
                              c:/st/stm32cubeide_1.12.0/stm32cubeide/plugins/com.st.stm32cube.ide.mcu.externaltools.gnu-tools-for-stm32.10.3-2021.10.win32_1.0.200.202301161003/tools/bin/../lib/gcc/arm-none-eabi/10.3.1/../../../../arm-none-eabi/lib/thumb/v7e-m+fp/hard/crt0.o (memset)
c:/st/stm32cubeide_1.12.0/stm32cubeide/plugins/com.st.stm32cube.ide.mcu.externaltools.gnu-tools-for-stm32.10.3-2021.10.win32_1.0.200.202301161003/tools/bin/../lib/gcc/arm-none-eabi/10.3.1/../../../../arm-none-eabi/lib/thumb/v7e-m+fp/hard\libc_nano.a(lib_a-sprintf.o)
                              ./Core/Src/kb.o (sprintf)
c:/st/stm32cubeide_1.12.0/stm32cubeide/plugins/com.st.stm32cube.ide.mcu.externaltools.gnu-tools-for-stm32.10.3-2021.10.win32_1.0.200.202301161003/tools/bin/../lib/gcc/arm-none-eabi/10.3.1/../../../../arm-none-eabi/lib/thumb/v7e-m+fp/hard\libc_nano.a(lib_a-strncmp.o)
                              ./Core/Src/traffic_light.o (strncmp)
c:/st/stm32cubeide_1.12.0/stm32cubeide/plugins/com.st.stm32cube.ide.mcu.externaltools.gnu-tools-for-stm32.10.3-2021.10.win32_1.0.200.202301161003/tools/bin/../lib/gcc/arm-none-eabi/10.3.1/../../../../arm-none-eabi/lib/thumb/v7e-m+fp/hard\libc_nano.a(lib_a-strstr.o)
                              ./Core/Src/traffic_light.o (strstr)
c:/st/stm32cubeide_1.12.0/stm32cubeide/plugins/com.st.stm32cube.ide.mcu.externaltools.gnu-tools-for-stm32.10.3-2021.10.win32_1.0.200.202301161003/tools/bin/../lib/gcc/arm-none-eabi/10.3.1/../../../../arm-none-eabi/lib/thumb/v7e-m+fp/hard\libc_nano.a(lib_a-nano-svfprintf.o)
                              c:/st/stm32cubeide_1.12.0/stm32cubeide/plugins/com.st.stm32cube.ide.mcu.externaltools.gnu-tools-for-stm32.10.3-2021.10.win32_1.0.200.202301161003/tools/bin/../lib/gcc/arm-none-eabi/10.3.1/../../../../arm-none-eabi/lib/thumb/v7e-m+fp/hard\libc_nano.a(lib_a-sprintf.o) (_svfprintf_r)
c:/st/stm32cubeide_1.12.0/stm32cubeide/plugins/com.st.stm32cube.ide.mcu.externaltools.gnu-tools-for-stm32.10.3-2021.10.win32_1.0.200.202301161003/tools/bin/../lib/gcc/arm-none-eabi/10.3.1/../../../../arm-none-eabi/lib/thumb/v7e-m+fp/hard\libc_nano.a(lib_a-nano-vfprintf_i.o)
                              c:/st/stm32cubeide_1.12.0/stm32cubeide/plugins/com.st.stm32cube.ide.mcu.externaltools.gnu-tools-for-stm32.10.3-2021.10.win32_1.0.200.202301161003/tools/bin/../lib/gcc/arm-none-eabi/10.3.1/../../../../arm-none-eabi/lib/thumb/v7e-m+fp/hard\libc_nano.a(lib_a-nano-svfprintf.o) (_printf_i)
[...]
Memory Configuration

Name             Origin             Length             Attributes
CCMRAM           0x0000000010000000 0x0000000000010000 xrw
RAM              0x0000000020000000 0x0000000000030000 xrw
FLASH            0x0000000008000000 0x0000000000200000 xr
*default*        0x0000000000000000 0xffffffffffffffff

Linker script and memory map

LOAD c:/st/stm32cubeide_1.12.0/stm32cubeide/plugins/com.st.stm32cube.ide.mcu.externaltools.gnu-tools-for-stm32.10.3-2021.10.win32_1.0.200.202301161003/tools/bin/../lib/gcc/arm-none-eabi/10.3.1/thumb/v7e-m+fp/hard/crti.o
LOAD c:/st/stm32cubeide_1.12.0/stm32cubeide/plugins/com.st.stm32cube.ide.mcu.externaltools.gnu-tools-for-stm32.10.3-2021.10.win32_1.0.200.202301161003/tools/bin/../lib/gcc/arm-none-eabi/10.3.1/thumb/v7e-m+fp/hard/crtbegin.o
LOAD c:/st/stm32cubeide_1.12.0/stm32cubeide/plugins/com.st.stm32cube.ide.mcu.externaltools.gnu-tools-for-stm32.10.3-2021.10.win32_1.0.200.202301161003/tools/bin/../lib/gcc/arm-none-eabi/10.3.1/../../../../arm-none-eabi/lib/thumb/v7e-m+fp/hard/crt0.o
LOAD ./Core/Src/gpio.o
LOAD ./Core/Src/i2c.o
LOAD ./Core/Src/kb.o
LOAD ./Core/Src/kb_up.o
LOAD ./Core/Src/main.o
LOAD ./Core/Src/music_pr.o
LOAD ./Core/Src/pca9538.o
LOAD ./Core/Src/stm32f4xx_hal_msp.o
LOAD ./Core/Src/stm32f4xx_it.o
LOAD ./Core/Src/syscalls.o
LOAD ./Core/Src/sysmem.o
LOAD ./Core/Src/system_stm32f4xx.o
LOAD ./Core/Src/tim.o
LOAD ./Core/Src/traffic_light.o
LOAD ./Core/Src/usart.o
LOAD ./Core/Startup/startup_stm32f427vitx.o
LOAD ./Drivers/STM32F4xx_HAL_Driver/Src/stm32f4xx_hal.o
LOAD ./Drivers/STM32F4xx_HAL_Driver/Src/stm32f4xx_hal_cortex.o
LOAD ./Drivers/STM32F4xx_HAL_Driver/Src/stm32f4xx_hal_dma.o
LOAD ./Drivers/STM32F4xx_HAL_Driver/Src/stm32f4xx_hal_dma_ex.o
LOAD ./Drivers/STM32F4xx_HAL_Driver/Src/stm32f4xx_hal_exti.o
LOAD ./Drivers/STM32F4xx_HAL_Driver/Src/stm32f4xx_hal_flash.o
LOAD ./Drivers/STM32F4xx_HAL_Driver/Src/stm32f4xx_hal_flash_ex.o
LOAD ./Drivers/STM32F4xx_HAL_Driver/Src/stm32f4xx_hal_flash_ramfunc.o
LOAD ./Drivers/STM32F4xx_HAL_Driver/Src/stm32f4xx_hal_gpio.o
LOAD ./Drivers/STM32F4xx_HAL_Driver/Src/stm32f4xx_hal_i2c.o
LOAD ./Drivers/STM32F4xx_HAL_Driver/Src/stm32f4xx_hal_i2c_ex.o
LOAD ./Drivers/STM32F4xx_HAL_Driver/Src/stm32f4xx_hal_pwr.o
LOAD ./Drivers/STM32F4xx_HAL_Driver/Src/stm32f4xx_hal_pwr_ex.o
LOAD ./Drivers/STM32F4xx_HAL_Driver/Src/stm32f4xx_hal_rcc.o
LOAD ./Drivers/STM32F4xx_HAL_Driver/Src/stm32f4xx_hal_rcc_ex.o
LOAD ./Drivers/STM32F4xx_HAL_Driver/Src/stm32f4xx_hal_tim.o
LOAD ./Drivers/STM32F4xx_HAL_Driver/Src/stm32f4xx_hal_tim_ex.o
LOAD ./Drivers/STM32F4xx_HAL_Driver/Src/stm32f4xx_hal_uart.o
START GROUP
LOAD c:/st/stm32cubeide_1.12.0/stm32cubeide/plugins/com.st.stm32cube.ide.mcu.externaltools.gnu-tools-for-stm32.10.3-2021.10.win32_1.0.200.202301161003/tools/bin/../lib/gcc/arm-none-eabi/10.3.1/../../../../arm-none-eabi/lib/thumb/v7e-m+fp/hard\libc_nano.a
LOAD c:/st/stm32cubeide_1.12.0/stm32cubeide/plugins/com.st.stm32cube.ide.mcu.externaltools.gnu-tools-for-stm32.10.3-2021.10.win32_1.0.200.202301161003/tools/bin/../lib/gcc/arm-none-eabi/10.3.1/../../../../arm-none-eabi/lib/thumb/v7e-m+fp/hard\libm.a
END GROUP
START GROUP
LOAD c:/st/stm32cubeide_1.12.0/stm32cubeide/plugins/com.st.stm32cube.ide.mcu.externaltools.gnu-tools-for-stm32.10.3-2021.10.win32_1.0.200.202301161003/tools/bin/../lib/gcc/arm-none-eabi/10.3.1/thumb/v7e-m+fp/hard\libgcc.a
LOAD c:/st/stm32cubeide_1.12.0/stm32cubeide/plugins/com.st.stm32cube.ide.mcu.externaltools.gnu-tools-for-stm32.10.3-2021.10.win32_1.0.200.202301161003/tools/bin/../lib/gcc/arm-none-eabi/10.3.1/../../../../arm-none-eabi/lib/thumb/v7e-m+fp/hard\libc_nano.a
END GROUP
START GROUP
LOAD c:/st/stm32cubeide_1.12.0/stm32cubeide/plugins/com.st.stm32cube.ide.mcu.externaltools.gnu-tools-for-stm32.10.3-2021.10.win32_1.0.200.202301161003/tools/bin/../lib/gcc/arm-none-eabi/10.3.1/thumb/v7e-m+fp/hard\libgcc.a
LOAD c:/st/stm32cubeide_1.12.0/stm32cubeide/plugins/com.st.stm32cube.ide.mcu.externaltools.gnu-tools-for-stm32.10.3-2021.10.win32_1.0.200.202301161003/tools/bin/../lib/gcc/arm-none-eabi/10.3.1/../../../../arm-none-eabi/lib/thumb/v7e-m+fp/hard\libc_nano.a
LOAD c:/st/stm32cubeide_1.12.0/stm32cubeide/plugins/com.st.stm32cube.ide.mcu.externaltools.gnu-tools-for-stm32.10.3-2021.10.win32_1.0.200.202301161003/tools/bin/../lib/gcc/arm-none-eabi/10.3.1/../../../../arm-none-eabi/lib/thumb/v7e-m+fp/hard\libnosys.a
END GROUP
START GROUP
LOAD c:/st/stm32cubeide_1.12.0/stm32cubeide/plugins/com.st.stm32cube.ide.mcu.externaltools.gnu-tools-for-stm32.10.3-2021.10.win32_1.0.200.202301161003/tools/bin/../lib/gcc/arm-none-eabi/10.3.1/thumb/v7e-m+fp/hard\libgcc.a
LOAD c:/st/stm32cubeide_1.12.0/stm32cubeide/plugins/com.st.stm32cube.ide.mcu.externaltools.gnu-tools-for-stm32.10.3-2021.10.win32_1.0.200.202301161003/tools/bin/../lib/gcc/arm-none-eabi/10.3.1/../../../../arm-none-eabi/lib/thumb/v7e-m+fp/hard\libc_nano.a
LOAD c:/st/stm32cubeide_1.12.0/stm32cubeide/plugins/com.st.stm32cube.ide.mcu.externaltools.gnu-tools-for-stm32.10.3-2021.10.win32_1.0.200.202301161003/tools/bin/../lib/gcc/arm-none-eabi/10.3.1/../../../../arm-none-eabi/lib/thumb/v7e-m+fp/hard\libnosys.a
END GROUP
LOAD c:/st/stm32cubeide_1.12.0/stm32cubeide/plugins/com.st.stm32cube.ide.mcu.externaltools.gnu-tools-for-stm32.10.3-2021.10.win32_1.0.200.202301161003/tools/bin/../lib/gcc/arm-none-eabi/10.3.1/thumb/v7e-m+fp/hard/crtend.o
LOAD c:/st/stm32cubeide_1.12.0/stm32cubeide/plugins/com.st.stm32cube.ide.mcu.externaltools.gnu-tools-for-stm32.10.3-2021.10.win32_1.0.200.202301161003/tools/bin/../lib/gcc/arm-none-eabi/10.3.1/thumb/v7e-m+fp/hard/crtn.o
                0x0000000020030000                _estack = (ORIGIN (RAM) + LENGTH (RAM))
                0x0000000000000200                _Min_Heap_Size = 0x200
                0x0000000000000400                _Min_Stack_Size = 0x400

.isr_vector     0x0000000008000000      0x1ac
                0x0000000008000000                . = ALIGN (0x4)
 *(.isr_vector)
 .isr_vector    0x0000000008000000      0x1ac ./Core/Startup/startup_stm32f427vitx.o
                0x0000000008000000                g_pfnVectors
                0x00000000080001ac                . = ALIGN (0x4)

.text           0x00000000080001b0     0x66a4
                0x00000000080001b0                . = ALIGN (0x4)
 *(.text)
 .text          0x00000000080001b0       0x40 c:/st/stm32cubeide_1.12.0/stm32cubeide/plugins/com.st.stm32cube.ide.mcu.externaltools.gnu-tools-for-stm32.10.3-2021.10.win32_1.0.200.202301161003/tools/bin/../lib/gcc/arm-none-eabi/10.3.1/thumb/v7e-m+fp/hard/crtbegin.o
 .text          0x00000000080001f0       0xa0 c:/st/stm32cubeide_1.12.0/stm32cubeide/plugins/com.st.stm32cube.ide.mcu.externaltools.gnu-tools-for-stm32.10.3-2021.10.win32_1.0.200.202301161003/tools/bin/../lib/gcc/arm-none-eabi/10.3.1/../../../../arm-none-eabi/lib/thumb/v7e-m+fp/hard\libc_nano.a(lib_a-memchr.o)
                0x00000000080001f0                memchr
 .text          0x0000000008000290       0x30 c:/st/stm32cubeide_1.12.0/stm32cubeide/plugins/com.st.stm32cube.ide.mcu.externaltools.gnu-tools-for-stm32.10.3-2021.10.win32_1.0.200.202301161003/tools/bin/../lib/gcc/arm-none-eabi/10.3.1/thumb/v7e-m+fp/hard\libgcc.a(_aeabi_uldivmod.o)
                0x0000000008000290                __aeabi_uldivmod
 .text          0x00000000080002c0      0x2d0 c:/st/stm32cubeide_1.12.0/stm32cubeide/plugins/com.st.stm32cube.ide.mcu.externaltools.gnu-tools-for-stm32.10.3-2021.10.win32_1.0.200.202301161003/tools/bin/../lib/gcc/arm-none-eabi/10.3.1/thumb/v7e-m+fp/hard\libgcc.a(_udivmoddi4.o)
                0x00000000080002c0                __udivmoddi4
 .text          0x0000000008000590        0x4 c:/st/stm32cubeide_1.12.0/stm32cubeide/plugins/com.st.stm32cube.ide.mcu.externaltools.gnu-tools-for-stm32.10.3-2021.10.win32_1.0.200.202301161003/tools/bin/../lib/gcc/arm-none-eabi/10.3.1/thumb/v7e-m+fp/hard\libgcc.a(_dvmd_tls.o)
                0x0000000008000590                __aeabi_idiv0
                0x0000000008000590                __aeabi_ldiv0
 *(.text*)
 .text.MX_GPIO_Init
                0x0000000008000594      0x118 ./Core/Src/gpio.o
                0x0000000008000594                MX_GPIO_Init
 .text.MX_I2C1_Init
                0x00000000080006ac       0x80 ./Core/Src/i2c.o
                0x00000000080006ac                MX_I2C1_Init
 .text.HAL_I2C_MspInit
                0x000000000800072c       0x90 ./Core/Src/i2c.o
                0x000000000800072c                HAL_I2C_MspInit
 .text.Set_Keyboard
                0x00000000080007bc       0xa4 ./Core/Src/kb.o
                0x00000000080007bc                Set_Keyboard
 .text.Check_Row
                0x0000000008000860      0x2a0 ./Core/Src/kb.o
                0x0000000008000860                Check_Row
 .text.checkButtons
                0x0000000008000b00       0xbc ./Core/Src/kb_up.o
                0x0000000008000b00                checkButtons
 .text.init_cnt
                0x0000000008000bbc       0x34 ./Core/Src/kb_up.o
                0x0000000008000bbc                init_cnt
 .text.increase_cnt
                0x0000000008000bf0       0x74 ./Core/Src/kb_up.o
                0x0000000008000bf0                increase_cnt
 .text.convert_button_to_symbol
                0x0000000008000c64       0xa6 ./Core/Src/kb_up.o
                0x0000000008000c64                convert_button_to_symbol
 .text.checkKB  0x0000000008000d0a       0x50 ./Core/Src/kb_up.o
                0x0000000008000d0a                checkKB
 *fill*         0x0000000008000d5a        0x2 
 .text.data_collecter
                0x0000000008000d5c       0x68 ./Core/Src/main.o
                0x0000000008000d5c                data_collecter
 .text.transend_data_IT
                0x0000000008000dc4       0x40 ./Core/Src/main.o
                0x0000000008000dc4                transend_data_IT
 .text.print_collected_data
                0x0000000008000e04       0x64 ./Core/Src/main.o
                0x0000000008000e04                print_collected_data
 .text.HAL_UART_RxCpltCallback
                0x0000000008000e68       0x68 ./Core/Src/main.o
                0x0000000008000e68                HAL_UART_RxCpltCallback
 .text.HAL_UART_TxCpltCallback
                0x0000000008000ed0       0x20 ./Core/Src/main.o
                0x0000000008000ed0                HAL_UART_TxCpltCallback
 .text.main     0x0000000008000ef0       0xe8 ./Core/Src/main.o
                0x0000000008000ef0                main
 .text.SystemClock_Config
                0x0000000008000fd8       0xd8 ./Core/Src/main.o
                0x0000000008000fd8                SystemClock_Config
 .text.Error_Handler
                0x00000000080010b0        0xa ./Core/Src/main.o
                0x00000000080010b0                Error_Handler
 *fill*         0x00000000080010ba        0x2 
 .text.change_now_oktav
                0x00000000080010bc       0x34 ./Core/Src/music_pr.o
                0x00000000080010bc                change_now_oktav
 .text.change_music_time
                0x00000000080010f0       0x38 ./Core/Src/music_pr.o
                0x00000000080010f0                change_music_time
 .text.analize_symb
                0x0000000008001128      0x100 ./Core/Src/music_pr.o
                0x0000000008001128                analize_symb
 .text.execute_one_oktav
                0x0000000008001228       0xbc ./Core/Src/music_pr.o
                0x0000000008001228                execute_one_oktav
 .text.execute_melody
                0x00000000080012e4       0x28 ./Core/Src/music_pr.o
                0x00000000080012e4                execute_melody
 .text.PCA9538_Read_Register
                0x000000000800130c       0x40 ./Core/Src/pca9538.o
                0x000000000800130c                PCA9538_Read_Register
 .text.PCA9538_Write_Register
                0x000000000800134c       0x40 ./Core/Src/pca9538.o
                0x000000000800134c                PCA9538_Write_Register
 .text.PCA9538_Read_Inputs
                0x000000000800138c       0x22 ./Core/Src/pca9538.o
                0x000000000800138c                PCA9538_Read_Inputs
 *fill*         0x00000000080013ae        0x2 
 .text.HAL_MspInit
                0x00000000080013b0       0x50 ./Core/Src/stm32f4xx_hal_msp.o
                0x00000000080013b0                HAL_MspInit
 .text.NMI_Handler
                0x0000000008001400        0x6 ./Core/Src/stm32f4xx_it.o
                0x0000000008001400                NMI_Handler
 .text.HardFault_Handler
                0x0000000008001406        0x6 ./Core/Src/stm32f4xx_it.o
                0x0000000008001406                HardFault_Handler
 .text.MemManage_Handler
                0x000000000800140c        0x6 ./Core/Src/stm32f4xx_it.o
                0x000000000800140c                MemManage_Handler
 .text.BusFault_Handler
                0x0000000008001412        0x6 ./Core/Src/stm32f4xx_it.o
                0x0000000008001412                BusFault_Handler
 .text.UsageFault_Handler
                0x0000000008001418        0x6 ./Core/Src/stm32f4xx_it.o
                0x0000000008001418                UsageFault_Handler
 .text.SVC_Handler
                0x000000000800141e        0xe ./Core/Src/stm32f4xx_it.o
                0x000000000800141e                SVC_Handler
 .text.DebugMon_Handler
                0x000000000800142c        0xe ./Core/Src/stm32f4xx_it.o
                0x000000000800142c                DebugMon_Handler
 .text.PendSV_Handler
                0x000000000800143a        0xe ./Core/Src/stm32f4xx_it.o
                0x000000000800143a                PendSV_Handler
 .text.SysTick_Handler
                0x0000000008001448        0xc ./Core/Src/stm32f4xx_it.o
                0x0000000008001448                SysTick_Handler
 .text.USART6_IRQHandler
                0x0000000008001454       0x14 ./Core/Src/stm32f4xx_it.o
                0x0000000008001454                USART6_IRQHandler
 .text._sbrk    0x0000000008001468       0x6c ./Core/Src/sysmem.o
                0x0000000008001468                _sbrk
 .text.SystemInit
                0x00000000080014d4       0x24 ./Core/Src/system_stm32f4xx.o
                0x00000000080014d4                SystemInit
 .text.MX_TIM1_Init
                0x00000000080014f8      0x144 ./Core/Src/tim.o
                0x00000000080014f8                MX_TIM1_Init
 .text.HAL_TIM_Base_MspInit
                0x000000000800163c       0x44 ./Core/Src/tim.o
                0x000000000800163c                HAL_TIM_Base_MspInit
 .text.HAL_TIM_MspPostInit
                0x0000000008001680       0x74 ./Core/Src/tim.o
                0x0000000008001680                HAL_TIM_MspPostInit
 .text.set_LED  0x00000000080016f4       0x32 ./Core/Src/traffic_light.o
                0x00000000080016f4                set_LED
 *fill*         0x0000000008001726        0x2 
 .text.getColorName
                0x0000000008001728       0x5c ./Core/Src/traffic_light.o
                0x0000000008001728                getColorName
 .text.reset_LEDS
                0x0000000008001784       0x18 ./Core/Src/traffic_light.o
                0x0000000008001784                reset_LEDS
 .text.nextStateMachine
                0x000000000800179c      0x234 ./Core/Src/traffic_light.o
                0x000000000800179c                nextStateMachine
 .text.enable_interrupt
                0x00000000080019d0       0x1c ./Core/Src/traffic_light.o
                0x00000000080019d0                enable_interrupt
 .text.disable_interrupt
                0x00000000080019ec       0x28 ./Core/Src/traffic_light.o
                0x00000000080019ec                disable_interrupt
 .text.deshifr  0x0000000008001a14      0x22c ./Core/Src/traffic_light.o
                0x0000000008001a14                deshifr
 .text.MX_USART6_UART_Init
                0x0000000008001c40       0x54 ./Core/Src/usart.o
                0x0000000008001c40                MX_USART6_UART_Init
 .text.HAL_UART_MspInit
                0x0000000008001c94       0xa0 ./Core/Src/usart.o
                0x0000000008001c94                HAL_UART_MspInit
 .text.Reset_Handler
                0x0000000008001d34       0x50 ./Core/Startup/startup_stm32f427vitx.o
                0x0000000008001d34                Reset_Handler
 .text.Default_Handler
                0x0000000008001d84        0x2 ./Core/Startup/startup_stm32f427vitx.o
                0x0000000008001d84                RTC_Alarm_IRQHandler
                0x0000000008001d84                HASH_RNG_IRQHandler
                0x0000000008001d84                EXTI2_IRQHandler
                0x0000000008001d84                TIM8_CC_IRQHandler
                0x0000000008001d84                UART8_IRQHandler
                0x0000000008001d84                SPI4_IRQHandler
                0x0000000008001d84                TIM1_CC_IRQHandler
                0x0000000008001d84                DMA2_Stream5_IRQHandler
                0x0000000008001d84                DMA1_Stream5_IRQHandler
                0x0000000008001d84                PVD_IRQHandler
                0x0000000008001d84                SDIO_IRQHandler
                0x0000000008001d84                TAMP_STAMP_IRQHandler
                0x0000000008001d84                CAN2_RX1_IRQHandler
                0x0000000008001d84                EXTI3_IRQHandler
                0x0000000008001d84                TIM8_TRG_COM_TIM14_IRQHandler
                0x0000000008001d84                TIM1_UP_TIM10_IRQHandler
                0x0000000008001d84                TIM8_UP_TIM13_IRQHandler
                0x0000000008001d84                I2C3_ER_IRQHandler
                0x0000000008001d84                EXTI0_IRQHandler
                0x0000000008001d84                I2C2_EV_IRQHandler
                0x0000000008001d84                DMA1_Stream2_IRQHandler
                0x0000000008001d84                CAN1_RX0_IRQHandler
                0x0000000008001d84                FPU_IRQHandler
                0x0000000008001d84                OTG_HS_WKUP_IRQHandler
                0x0000000008001d84                CAN2_SCE_IRQHandler
                0x0000000008001d84                DMA2_Stream2_IRQHandler
                0x0000000008001d84                SPI1_IRQHandler
                0x0000000008001d84                TIM6_DAC_IRQHandler
                0x0000000008001d84                TIM1_BRK_TIM9_IRQHandler
                0x0000000008001d84                DCMI_IRQHandler
                0x0000000008001d84                CAN2_RX0_IRQHandler
                0x0000000008001d84                DMA2_Stream3_IRQHandler
                0x0000000008001d84                USART3_IRQHandler
                0x0000000008001d84                CAN1_RX1_IRQHandler
                0x0000000008001d84                UART5_IRQHandler
                0x0000000008001d84                DMA2_Stream0_IRQHandler
                0x0000000008001d84                TIM4_IRQHandler
                0x0000000008001d84                I2C1_EV_IRQHandler
                0x0000000008001d84                DMA1_Stream6_IRQHandler
                0x0000000008001d84                DMA1_Stream1_IRQHandler
                0x0000000008001d84                UART4_IRQHandler
                0x0000000008001d84                TIM3_IRQHandler
                0x0000000008001d84                RCC_IRQHandler
                0x0000000008001d84                TIM8_BRK_TIM12_IRQHandler
                0x0000000008001d84                Default_Handler
                0x0000000008001d84                EXTI15_10_IRQHandler
                0x0000000008001d84                ADC_IRQHandler
                0x0000000008001d84                DMA1_Stream7_IRQHandler
                0x0000000008001d84                SPI5_IRQHandler
                0x0000000008001d84                TIM7_IRQHandler
                0x0000000008001d84                CAN2_TX_IRQHandler
                0x0000000008001d84                TIM5_IRQHandler
                0x0000000008001d84                DMA2_Stream7_IRQHandler
                0x0000000008001d84                I2C3_EV_IRQHandler
                0x0000000008001d84                EXTI9_5_IRQHandler
                0x0000000008001d84                RTC_WKUP_IRQHandler
                0x0000000008001d84                ETH_WKUP_IRQHandler
                0x0000000008001d84                SPI2_IRQHandler
                0x0000000008001d84                OTG_HS_EP1_IN_IRQHandler
                0x0000000008001d84                DMA1_Stream0_IRQHandler
                0x0000000008001d84                CAN1_TX_IRQHandler
                0x0000000008001d84                EXTI4_IRQHandler
                0x0000000008001d84                ETH_IRQHandler
                0x0000000008001d84                OTG_HS_EP1_OUT_IRQHandler
                0x0000000008001d84                WWDG_IRQHandler
                0x0000000008001d84                SPI6_IRQHandler
                0x0000000008001d84                TIM2_IRQHandler
                0x0000000008001d84                OTG_FS_WKUP_IRQHandler
                0x0000000008001d84                TIM1_TRG_COM_TIM11_IRQHandler
                0x0000000008001d84                OTG_HS_IRQHandler
                0x0000000008001d84                DMA2D_IRQHandler
                0x0000000008001d84                EXTI1_IRQHandler
                0x0000000008001d84                UART7_IRQHandler
                0x0000000008001d84                USART2_IRQHandler
                0x0000000008001d84                I2C2_ER_IRQHandler
                0x0000000008001d84                DMA2_Stream1_IRQHandler
                0x0000000008001d84                CAN1_SCE_IRQHandler
                0x0000000008001d84                FLASH_IRQHandler
                0x0000000008001d84                DMA2_Stream4_IRQHandler
                0x0000000008001d84                USART1_IRQHandler
                0x0000000008001d84                OTG_FS_IRQHandler
                0x0000000008001d84                SPI3_IRQHandler
                0x0000000008001d84                DMA1_Stream4_IRQHandler
                0x0000000008001d84                I2C1_ER_IRQHandler
                0x0000000008001d84                FMC_IRQHandler
                0x0000000008001d84                DMA2_Stream6_IRQHandler
                0x0000000008001d84                SAI1_IRQHandler
                0x0000000008001d84                DMA1_Stream3_IRQHandler
 *fill*         0x0000000008001d86        0x2 
 .text.HAL_Init
                0x0000000008001d88       0x44 ./Drivers/STM32F4xx_HAL_Driver/Src/stm32f4xx_hal.o
                0x0000000008001d88                HAL_Init
 .text.HAL_InitTick
                0x0000000008001dcc       0x60 ./Drivers/STM32F4xx_HAL_Driver/Src/stm32f4xx_hal.o
                0x0000000008001dcc                HAL_InitTick
 .text.HAL_IncTick
                0x0000000008001e2c       0x28 ./Drivers/STM32F4xx_HAL_Driver/Src/stm32f4xx_hal.o
                0x0000000008001e2c                HAL_IncTick
 .text.HAL_GetTick
                0x0000000008001e54       0x18 ./Drivers/STM32F4xx_HAL_Driver/Src/stm32f4xx_hal.o
                0x0000000008001e54                HAL_GetTick
 .text.HAL_Delay
                0x0000000008001e6c       0x48 ./Drivers/STM32F4xx_HAL_Driver/Src/stm32f4xx_hal.o
                0x0000000008001e6c                HAL_Delay
 .text.__NVIC_SetPriorityGrouping
                0x0000000008001eb4       0x48 ./Drivers/STM32F4xx_HAL_Driver/Src/stm32f4xx_hal_cortex.o
 .text.__NVIC_GetPriorityGrouping
                0x0000000008001efc       0x1c ./Drivers/STM32F4xx_HAL_Driver/Src/stm32f4xx_hal_cortex.o
 .text.__NVIC_EnableIRQ
                0x0000000008001f18       0x3c ./Drivers/STM32F4xx_HAL_Driver/Src/stm32f4xx_hal_cortex.o
 .text.__NVIC_DisableIRQ
                0x0000000008001f54       0x48 ./Drivers/STM32F4xx_HAL_Driver/Src/stm32f4xx_hal_cortex.o
 .text.__NVIC_SetPriority
                0x0000000008001f9c       0x54 ./Drivers/STM32F4xx_HAL_Driver/Src/stm32f4xx_hal_cortex.o
 .text.NVIC_EncodePriority
                0x0000000008001ff0       0x66 ./Drivers/STM32F4xx_HAL_Driver/Src/stm32f4xx_hal_cortex.o
 *fill*         0x0000000008002056        0x2 
 .text.SysTick_Config
                0x0000000008002058       0x44 ./Drivers/STM32F4xx_HAL_Driver/Src/stm32f4xx_hal_cortex.o
 .text.HAL_NVIC_SetPriorityGrouping
                0x000000000800209c       0x16 ./Drivers/STM32F4xx_HAL_Driver/Src/stm32f4xx_hal_cortex.o
                0x000000000800209c                HAL_NVIC_SetPriorityGrouping
 .text.HAL_NVIC_SetPriority
                0x00000000080020b2       0x38 ./Drivers/STM32F4xx_HAL_Driver/Src/stm32f4xx_hal_cortex.o
                0x00000000080020b2                HAL_NVIC_SetPriority
 .text.HAL_NVIC_EnableIRQ
                0x00000000080020ea       0x1c ./Drivers/STM32F4xx_HAL_Driver/Src/stm32f4xx_hal_cortex.o
                0x00000000080020ea                HAL_NVIC_EnableIRQ
 .text.HAL_NVIC_DisableIRQ
                0x0000000008002106       0x1c ./Drivers/STM32F4xx_HAL_Driver/Src/stm32f4xx_hal_cortex.o
                0x0000000008002106                HAL_NVIC_DisableIRQ
 .text.HAL_SYSTICK_Config
                0x0000000008002122       0x18 ./Drivers/STM32F4xx_HAL_Driver/Src/stm32f4xx_hal_cortex.o
                0x0000000008002122                HAL_SYSTICK_Config
 .text.HAL_DMA_Abort
                0x000000000800213a       0xe0 ./Drivers/STM32F4xx_HAL_Driver/Src/stm32f4xx_hal_dma.o
                0x000000000800213a                HAL_DMA_Abort
 .text.HAL_DMA_Abort_IT
                0x000000000800221a       0x44 ./Drivers/STM32F4xx_HAL_Driver/Src/stm32f4xx_hal_dma.o
                0x000000000800221a                HAL_DMA_Abort_IT
 .text.HAL_DMA_GetError
                0x000000000800225e       0x18 ./Drivers/STM32F4xx_HAL_Driver/Src/stm32f4xx_hal_dma.o
                0x000000000800225e                HAL_DMA_GetError
 *fill*         0x0000000008002276        0x2 
 .text.HAL_GPIO_Init
                0x0000000008002278      0x358 ./Drivers/STM32F4xx_HAL_Driver/Src/stm32f4xx_hal_gpio.o
                0x0000000008002278                HAL_GPIO_Init
 .text.HAL_GPIO_WritePin
                0x00000000080025d0       0x32 ./Drivers/STM32F4xx_HAL_Driver/Src/stm32f4xx_hal_gpio.o
                0x00000000080025d0                HAL_GPIO_WritePin
 *fill*         0x0000000008002602        0x2 
 .text.HAL_I2C_Init
                0x0000000008002604      0x288 ./Drivers/STM32F4xx_HAL_Driver/Src/stm32f4xx_hal_i2c.o
                0x0000000008002604                HAL_I2C_Init
 .text.HAL_I2C_Mem_Write
                0x000000000800288c      0x1f4 ./Drivers/STM32F4xx_HAL_Driver/Src/stm32f4xx_hal_i2c.o
                0x000000000800288c                HAL_I2C_Mem_Write
 .text.HAL_I2C_Mem_Read
                0x0000000008002a80      0x44c ./Drivers/STM32F4xx_HAL_Driver/Src/stm32f4xx_hal_i2c.o
                0x0000000008002a80                HAL_I2C_Mem_Read
 .text.I2C_RequestMemoryWrite
                0x0000000008002ecc      0x12c ./Drivers/STM32F4xx_HAL_Driver/Src/stm32f4xx_hal_i2c.o
 .text.I2C_RequestMemoryRead
                0x0000000008002ff8      0x1d0 ./Drivers/STM32F4xx_HAL_Driver/Src/stm32f4xx_hal_i2c.o
 .text.I2C_WaitOnFlagUntilTimeout
                0x00000000080031c8       0xae ./Drivers/STM32F4xx_HAL_Driver/Src/stm32f4xx_hal_i2c.o
 .text.I2C_WaitOnMasterAddressFlagUntilTimeout
                0x0000000008003276       0xfe ./Drivers/STM32F4xx_HAL_Driver/Src/stm32f4xx_hal_i2c.o
 .text.I2C_WaitOnTXEFlagUntilTimeout
                0x0000000008003374       0x82 ./Drivers/STM32F4xx_HAL_Driver/Src/stm32f4xx_hal_i2c.o
 .text.I2C_WaitOnBTFFlagUntilTimeout
                0x00000000080033f6       0x82 ./Drivers/STM32F4xx_HAL_Driver/Src/stm32f4xx_hal_i2c.o
 .text.I2C_WaitOnRXNEFlagUntilTimeout
                0x0000000008003478       0xac ./Drivers/STM32F4xx_HAL_Driver/Src/stm32f4xx_hal_i2c.o
 .text.I2C_IsAcknowledgeFailed
                0x0000000008003524       0x5e ./Drivers/STM32F4xx_HAL_Driver/Src/stm32f4xx_hal_i2c.o
 .text.HAL_I2CEx_ConfigAnalogFilter
                0x0000000008003582       0x78 ./Drivers/STM32F4xx_HAL_Driver/Src/stm32f4xx_hal_i2c_ex.o
                0x0000000008003582                HAL_I2CEx_ConfigAnalogFilter
 .text.HAL_I2CEx_ConfigDigitalFilter
                0x00000000080035fa       0x7e ./Drivers/STM32F4xx_HAL_Driver/Src/stm32f4xx_hal_i2c_ex.o
                0x00000000080035fa                HAL_I2CEx_ConfigDigitalFilter
 .text.HAL_RCC_OscConfig
                0x0000000008003678      0x4f0 ./Drivers/STM32F4xx_HAL_Driver/Src/stm32f4xx_hal_rcc.o
                0x0000000008003678                HAL_RCC_OscConfig
 .text.HAL_RCC_ClockConfig
                0x0000000008003b68      0x1cc ./Drivers/STM32F4xx_HAL_Driver/Src/stm32f4xx_hal_rcc.o
                0x0000000008003b68                HAL_RCC_ClockConfig
 .text.HAL_RCC_GetSysClockFreq
                0x0000000008003d34      0x18c ./Drivers/STM32F4xx_HAL_Driver/Src/stm32f4xx_hal_rcc.o
                0x0000000008003d34                HAL_RCC_GetSysClockFreq
 .text.HAL_RCC_GetHCLKFreq
                0x0000000008003ec0       0x18 ./Drivers/STM32F4xx_HAL_Driver/Src/stm32f4xx_hal_rcc.o
                0x0000000008003ec0                HAL_RCC_GetHCLKFreq
 .text.HAL_RCC_GetPCLK1Freq
                0x0000000008003ed8       0x28 ./Drivers/STM32F4xx_HAL_Driver/Src/stm32f4xx_hal_rcc.o
                0x0000000008003ed8                HAL_RCC_GetPCLK1Freq
 .text.HAL_RCC_GetPCLK2Freq
                0x0000000008003f00       0x28 ./Drivers/STM32F4xx_HAL_Driver/Src/stm32f4xx_hal_rcc.o
                0x0000000008003f00                HAL_RCC_GetPCLK2Freq
 .text.HAL_TIM_Base_Init
                0x0000000008003f28       0x9e ./Drivers/STM32F4xx_HAL_Driver/Src/stm32f4xx_hal_tim.o
                0x0000000008003f28                HAL_TIM_Base_Init
 .text.HAL_TIM_PWM_Init
                0x0000000008003fc6       0x9e ./Drivers/STM32F4xx_HAL_Driver/Src/stm32f4xx_hal_tim.o
                0x0000000008003fc6                HAL_TIM_PWM_Init
 .text.HAL_TIM_PWM_MspInit
                0x0000000008004064       0x14 ./Drivers/STM32F4xx_HAL_Driver/Src/stm32f4xx_hal_tim.o
                0x0000000008004064                HAL_TIM_PWM_MspInit
 .text.HAL_TIM_PWM_Start
                0x0000000008004078      0x190 ./Drivers/STM32F4xx_HAL_Driver/Src/stm32f4xx_hal_tim.o
                0x0000000008004078                HAL_TIM_PWM_Start
 .text.HAL_TIM_PWM_ConfigChannel
                0x0000000008004208      0x184 ./Drivers/STM32F4xx_HAL_Driver/Src/stm32f4xx_hal_tim.o
                0x0000000008004208                HAL_TIM_PWM_ConfigChannel
 .text.HAL_TIM_ConfigClockSource
                0x000000000800438c      0x18e ./Drivers/STM32F4xx_HAL_Driver/Src/stm32f4xx_hal_tim.o
                0x000000000800438c                HAL_TIM_ConfigClockSource
 *fill*         0x000000000800451a        0x2 
 .text.TIM_Base_SetConfig
                0x000000000800451c      0x140 ./Drivers/STM32F4xx_HAL_Driver/Src/stm32f4xx_hal_tim.o
                0x000000000800451c                TIM_Base_SetConfig
 .text.TIM_OC1_SetConfig
                0x000000000800465c       0xe0 ./Drivers/STM32F4xx_HAL_Driver/Src/stm32f4xx_hal_tim.o
 .text.TIM_OC2_SetConfig
                0x000000000800473c       0xec ./Drivers/STM32F4xx_HAL_Driver/Src/stm32f4xx_hal_tim.o
                0x000000000800473c                TIM_OC2_SetConfig
 .text.TIM_OC3_SetConfig
                0x0000000008004828       0xe8 ./Drivers/STM32F4xx_HAL_Driver/Src/stm32f4xx_hal_tim.o
 .text.TIM_OC4_SetConfig
                0x0000000008004910       0xac ./Drivers/STM32F4xx_HAL_Driver/Src/stm32f4xx_hal_tim.o
 .text.TIM_TI1_ConfigInputStage
                0x00000000080049bc       0x5e ./Drivers/STM32F4xx_HAL_Driver/Src/stm32f4xx_hal_tim.o
 .text.TIM_TI2_ConfigInputStage
                0x0000000008004a1a       0x60 ./Drivers/STM32F4xx_HAL_Driver/Src/stm32f4xx_hal_tim.o
 .text.TIM_ITRx_SetConfig
                0x0000000008004a7a       0x36 ./Drivers/STM32F4xx_HAL_Driver/Src/stm32f4xx_hal_tim.o
 .text.TIM_ETR_SetConfig
                0x0000000008004ab0       0x40 ./Drivers/STM32F4xx_HAL_Driver/Src/stm32f4xx_hal_tim.o
                0x0000000008004ab0                TIM_ETR_SetConfig
 .text.TIM_CCxChannelCmd
                0x0000000008004af0       0x4a ./Drivers/STM32F4xx_HAL_Driver/Src/stm32f4xx_hal_tim.o
                0x0000000008004af0                TIM_CCxChannelCmd
 *fill*         0x0000000008004b3a        0x2 
 .text.HAL_TIMEx_MasterConfigSynchronization
                0x0000000008004b3c       0xf8 ./Drivers/STM32F4xx_HAL_Driver/Src/stm32f4xx_hal_tim_ex.o
                0x0000000008004b3c                HAL_TIMEx_MasterConfigSynchronization
 .text.HAL_TIMEx_ConfigBreakDeadTime
                0x0000000008004c34       0xa4 ./Drivers/STM32F4xx_HAL_Driver/Src/stm32f4xx_hal_tim_ex.o
                0x0000000008004c34                HAL_TIMEx_ConfigBreakDeadTime
 .text.HAL_UART_Init
                0x0000000008004cd8       0x9a ./Drivers/STM32F4xx_HAL_Driver/Src/stm32f4xx_hal_uart.o
                0x0000000008004cd8                HAL_UART_Init
 .text.HAL_UART_Transmit
                0x0000000008004d72      0x124 ./Drivers/STM32F4xx_HAL_Driver/Src/stm32f4xx_hal_uart.o
                0x0000000008004d72                HAL_UART_Transmit
 .text.HAL_UART_Transmit_IT
                0x0000000008004e96       0x8a ./Drivers/STM32F4xx_HAL_Driver/Src/stm32f4xx_hal_uart.o
                0x0000000008004e96                HAL_UART_Transmit_IT
 .text.HAL_UART_AbortReceive
                0x0000000008004f20      0x146 ./Drivers/STM32F4xx_HAL_Driver/Src/stm32f4xx_hal_uart.o
                0x0000000008004f20                HAL_UART_AbortReceive
 *fill*         0x0000000008005066        0x2 
 .text.HAL_UART_IRQHandler
                0x0000000008005068      0x51c ./Drivers/STM32F4xx_HAL_Driver/Src/stm32f4xx_hal_uart.o
                0x0000000008005068                HAL_UART_IRQHandler
 .text.HAL_UART_ErrorCallback
                0x0000000008005584       0x14 ./Drivers/STM32F4xx_HAL_Driver/Src/stm32f4xx_hal_uart.o
                0x0000000008005584                HAL_UART_ErrorCallback
 .text.HAL_UARTEx_RxEventCallback
                0x0000000008005598       0x18 ./Drivers/STM32F4xx_HAL_Driver/Src/stm32f4xx_hal_uart.o
                0x0000000008005598                HAL_UARTEx_RxEventCallback
 .text.UART_WaitOnFlagUntilTimeout
                0x00000000080055b0       0xdc ./Drivers/STM32F4xx_HAL_Driver/Src/stm32f4xx_hal_uart.o
 .text.UART_EndRxTransfer
                0x000000000800568c       0xc6 ./Drivers/STM32F4xx_HAL_Driver/Src/stm32f4xx_hal_uart.o
 .text.UART_DMAAbortOnError
                0x0000000008005752       0x28 ./Drivers/STM32F4xx_HAL_Driver/Src/stm32f4xx_hal_uart.o
 .text.UART_Transmit_IT
                0x000000000800577a       0xa0 ./Drivers/STM32F4xx_HAL_Driver/Src/stm32f4xx_hal_uart.o
 .text.UART_EndTransmit_IT
                0x000000000800581a       0x30 ./Drivers/STM32F4xx_HAL_Driver/Src/stm32f4xx_hal_uart.o
 .text.UART_Receive_IT
                0x000000000800584a      0x176 ./Drivers/STM32F4xx_HAL_Driver/Src/stm32f4xx_hal_uart.o
 .text.UART_SetConfig
                0x00000000080059c0      0x4e8 ./Drivers/STM32F4xx_HAL_Driver/Src/stm32f4xx_hal_uart.o
 .text.__errno  0x0000000008005ea8        0xc c:/st/stm32cubeide_1.12.0/stm32cubeide/plugins/com.st.stm32cube.ide.mcu.externaltools.gnu-tools-for-stm32.10.3-2021.10.win32_1.0.200.202301161003/tools/bin/../lib/gcc/arm-none-eabi/10.3.1/../../../../arm-none-eabi/lib/thumb/v7e-m+fp/hard\libc_nano.a(lib_a-errno.o)
                0x0000000008005ea8                __errno
 .text.__libc_init_array
                0x0000000008005eb4       0x48 c:/st/stm32cubeide_1.12.0/stm32cubeide/plugins/com.st.stm32cube.ide.mcu.externaltools.gnu-tools-for-stm32.10.3-2021.10.win32_1.0.200.202301161003/tools/bin/../lib/gcc/arm-none-eabi/10.3.1/../../../../arm-none-eabi/lib/thumb/v7e-m+fp/hard\libc_nano.a(lib_a-init.o)
                0x0000000008005eb4                __libc_init_array
 .text.memset   0x0000000008005efc       0x10 c:/st/stm32cubeide_1.12.0/stm32cubeide/plugins/com.st.stm32cube.ide.mcu.externaltools.gnu-tools-for-stm32.10.3-2021.10.win32_1.0.200.202301161003/tools/bin/../lib/gcc/arm-none-eabi/10.3.1/../../../../arm-none-eabi/lib/thumb/v7e-m+fp/hard\libc_nano.a(lib_a-memset.o)
                0x0000000008005efc                memset
 .text.sprintf  0x0000000008005f0c       0x40 c:/st/stm32cubeide_1.12.0/stm32cubeide/plugins/com.st.stm32cube.ide.mcu.externaltools.gnu-tools-for-stm32.10.3-2021.10.win32_1.0.200.202301161003/tools/bin/../lib/gcc/arm-none-eabi/10.3.1/../../../../arm-none-eabi/lib/thumb/v7e-m+fp/hard\libc_nano.a(lib_a-sprintf.o)
                0x0000000008005f0c                siprintf
                0x0000000008005f0c                sprintf
 .text.strncmp  0x0000000008005f4c       0x28 c:/st/stm32cubeide_1.12.0/stm32cubeide/plugins/com.st.stm32cube.ide.mcu.externaltools.gnu-tools-for-stm32.10.3-2021.10.win32_1.0.200.202301161003/tools/bin/../lib/gcc/arm-none-eabi/10.3.1/../../../../arm-none-eabi/lib/thumb/v7e-m+fp/hard\libc_nano.a(lib_a-strncmp.o)
                0x0000000008005f4c                strncmp
 .text.strstr   0x0000000008005f74       0x2c c:/st/stm32cubeide_1.12.0/stm32cubeide/plugins/com.st.stm32cube.ide.mcu.externaltools.gnu-tools-for-stm32.10.3-2021.10.win32_1.0.200.202301161003/tools/bin/../lib/gcc/arm-none-eabi/10.3.1/../../../../arm-none-eabi/lib/thumb/v7e-m+fp/hard\libc_nano.a(lib_a-strstr.o)
                0x0000000008005f74                strstr
 .text.__ssputs_r
                0x0000000008005fa0       0xb6 c:/st/stm32cubeide_1.12.0/stm32cubeide/plugins/com.st.stm32cube.ide.mcu.externaltools.gnu-tools-for-stm32.10.3-2021.10.win32_1.0.200.202301161003/tools/bin/../lib/gcc/arm-none-eabi/10.3.1/../../../../arm-none-eabi/lib/thumb/v7e-m+fp/hard\libc_nano.a(lib_a-nano-svfprintf.o)
                0x0000000008005fa0                __ssputs_r
 *fill*         0x0000000008006056        0x2 
 .text._svfprintf_r
                0x0000000008006058      0x200 c:/st/stm32cubeide_1.12.0/stm32cubeide/plugins/com.st.stm32cube.ide.mcu.externaltools.gnu-tools-for-stm32.10.3-2021.10.win32_1.0.200.202301161003/tools/bin/../lib/gcc/arm-none-eabi/10.3.1/../../../../arm-none-eabi/lib/thumb/v7e-m+fp/hard\libc_nano.a(lib_a-nano-svfprintf.o)
                0x0000000008006058                _svfiprintf_r
                0x0000000008006058                _svfprintf_r
 .text._printf_common
                0x0000000008006258       0xda c:/st/stm32cubeide_1.12.0/stm32cubeide/plugins/com.st.stm32cube.ide.mcu.externaltools.gnu-tools-for-stm32.10.3-2021.10.win32_1.0.200.202301161003/tools/bin/../lib/gcc/arm-none-eabi/10.3.1/../../../../arm-none-eabi/lib/thumb/v7e-m+fp/hard\libc_nano.a(lib_a-nano-vfprintf_i.o)
                0x0000000008006258                _printf_common
 *fill*         0x0000000008006332        0x2 
 .text._printf_i
                0x0000000008006334      0x24c c:/st/stm32cubeide_1.12.0/stm32cubeide/plugins/com.st.stm32cube.ide.mcu.externaltools.gnu-tools-for-stm32.10.3-2021.10.win32_1.0.200.202301161003/tools/bin/../lib/gcc/arm-none-eabi/10.3.1/../../../../arm-none-eabi/lib/thumb/v7e-m+fp/hard\libc_nano.a(lib_a-nano-vfprintf_i.o)
                0x0000000008006334                _printf_i
 .text.memcpy   0x0000000008006580       0x1c c:/st/stm32cubeide_1.12.0/stm32cubeide/plugins/com.st.stm32cube.ide.mcu.externaltools.gnu-tools-for-stm32.10.3-2021.10.win32_1.0.200.202301161003/tools/bin/../lib/gcc/arm-none-eabi/10.3.1/../../../../arm-none-eabi/lib/thumb/v7e-m+fp/hard\libc_nano.a(lib_a-memcpy-stub.o)
                0x0000000008006580                memcpy
 .text.memmove  0x000000000800659c       0x34 c:/st/stm32cubeide_1.12.0/stm32cubeide/plugins/com.st.stm32cube.ide.mcu.externaltools.gnu-tools-for-stm32.10.3-2021.10.win32_1.0.200.202301161003/tools/bin/../lib/gcc/arm-none-eabi/10.3.1/../../../../arm-none-eabi/lib/thumb/v7e-m+fp/hard\libc_nano.a(lib_a-memmove.o)
                0x000000000800659c                memmove
 .text._free_r  0x00000000080065d0       0x98 c:/st/stm32cubeide_1.12.0/stm32cubeide/plugins/com.st.stm32cube.ide.mcu.externaltools.gnu-tools-for-stm32.10.3-2021.10.win32_1.0.200.202301161003/tools/bin/../lib/gcc/arm-none-eabi/10.3.1/../../../../arm-none-eabi/lib/thumb/v7e-m+fp/hard\libc_nano.a(lib_a-nano-freer.o)
                0x00000000080065d0                _free_r
 .text.sbrk_aligned
                0x0000000008006668       0x40 c:/st/stm32cubeide_1.12.0/stm32cubeide/plugins/com.st.stm32cube.ide.mcu.externaltools.gnu-tools-for-stm32.10.3-2021.10.win32_1.0.200.202301161003/tools/bin/../lib/gcc/arm-none-eabi/10.3.1/../../../../arm-none-eabi/lib/thumb/v7e-m+fp/hard\libc_nano.a(lib_a-nano-mallocr.o)
 .text._malloc_r
                0x00000000080066a8       0xe8 c:/st/stm32cubeide_1.12.0/stm32cubeide/plugins/com.st.stm32cube.ide.mcu.externaltools.gnu-tools-for-stm32.10.3-2021.10.win32_1.0.200.202301161003/tools/bin/../lib/gcc/arm-none-eabi/10.3.1/../../../../arm-none-eabi/lib/thumb/v7e-m+fp/hard\libc_nano.a(lib_a-nano-mallocr.o)
                0x00000000080066a8                _malloc_r
 .text._realloc_r
                0x0000000008006790       0x5e c:/st/stm32cubeide_1.12.0/stm32cubeide/plugins/com.st.stm32cube.ide.mcu.externaltools.gnu-tools-for-stm32.10.3-2021.10.win32_1.0.200.202301161003/tools/bin/../lib/gcc/arm-none-eabi/10.3.1/../../../../arm-none-eabi/lib/thumb/v7e-m+fp/hard\libc_nano.a(lib_a-nano-reallocr.o)
                0x0000000008006790                _realloc_r
 *fill*         0x00000000080067ee        0x2 
 .text._sbrk_r  0x00000000080067f0       0x20 c:/st/stm32cubeide_1.12.0/stm32cubeide/plugins/com.st.stm32cube.ide.mcu.externaltools.gnu-tools-for-stm32.10.3-2021.10.win32_1.0.200.202301161003/tools/bin/../lib/gcc/arm-none-eabi/10.3.1/../../../../arm-none-eabi/lib/thumb/v7e-m+fp/hard\libc_nano.a(lib_a-sbrkr.o)
                0x00000000080067f0                _sbrk_r
 .text.__malloc_lock
                0x0000000008006810        0xc c:/st/stm32cubeide_1.12.0/stm32cubeide/plugins/com.st.stm32cube.ide.mcu.externaltools.gnu-tools-for-stm32.10.3-2021.10.win32_1.0.200.202301161003/tools/bin/../lib/gcc/arm-none-eabi/10.3.1/../../../../arm-none-eabi/lib/thumb/v7e-m+fp/hard\libc_nano.a(lib_a-mlock.o)
                0x0000000008006810                __malloc_lock
 .text.__malloc_unlock
                0x000000000800681c        0xc c:/st/stm32cubeide_1.12.0/stm32cubeide/plugins/com.st.stm32cube.ide.mcu.externaltools.gnu-tools-for-stm32.10.3-2021.10.win32_1.0.200.202301161003/tools/bin/../lib/gcc/arm-none-eabi/10.3.1/../../../../arm-none-eabi/lib/thumb/v7e-m+fp/hard\libc_nano.a(lib_a-mlock.o)
                0x000000000800681c                __malloc_unlock
 .text._malloc_usable_size_r
                0x0000000008006828       0x10 c:/st/stm32cubeide_1.12.0/stm32cubeide/plugins/com.st.stm32cube.ide.mcu.externaltools.gnu-tools-for-stm32.10.3-2021.10.win32_1.0.200.202301161003/tools/bin/../lib/gcc/arm-none-eabi/10.3.1/../../../../arm-none-eabi/lib/thumb/v7e-m+fp/hard\libc_nano.a(lib_a-nano-msizer.o)
                0x0000000008006828                _malloc_usable_size_r
 .text.__retarget_lock_acquire_recursive
                0x0000000008006838        0x2 c:/st/stm32cubeide_1.12.0/stm32cubeide/plugins/com.st.stm32cube.ide.mcu.externaltools.gnu-tools-for-stm32.10.3-2021.10.win32_1.0.200.202301161003/tools/bin/../lib/gcc/arm-none-eabi/10.3.1/../../../../arm-none-eabi/lib/thumb/v7e-m+fp/hard\libc_nano.a(lib_a-lock.o)
                0x0000000008006838                __retarget_lock_acquire_recursive
 .text.__retarget_lock_release_recursive
                0x000000000800683a        0x2 c:/st/stm32cubeide_1.12.0/stm32cubeide/plugins/com.st.stm32cube.ide.mcu.externaltools.gnu-tools-for-stm32.10.3-2021.10.win32_1.0.200.202301161003/tools/bin/../lib/gcc/arm-none-eabi/10.3.1/../../../../arm-none-eabi/lib/thumb/v7e-m+fp/hard\libc_nano.a(lib_a-lock.o)
                0x000000000800683a                __retarget_lock_release_recursive
 *(.glue_7)
 .glue_7        0x000000000800683c        0x0 linker stubs
 *(.glue_7t)
 .glue_7t       0x000000000800683c        0x0 linker stubs
 *(.eh_frame)
 .eh_frame      0x000000000800683c        0x0 c:/st/stm32cubeide_1.12.0/stm32cubeide/plugins/com.st.stm32cube.ide.mcu.externaltools.gnu-tools-for-stm32.10.3-2021.10.win32_1.0.200.202301161003/tools/bin/../lib/gcc/arm-none-eabi/10.3.1/thumb/v7e-m+fp/hard/crtbegin.o
 *(.init)
 .init          0x000000000800683c        0x4 c:/st/stm32cubeide_1.12.0/stm32cubeide/plugins/com.st.stm32cube.ide.mcu.externaltools.gnu-tools-for-stm32.10.3-2021.10.win32_1.0.200.202301161003/tools/bin/../lib/gcc/arm-none-eabi/10.3.1/thumb/v7e-m+fp/hard/crti.o
                0x000000000800683c                _init
 .init          0x0000000008006840        0x8 c:/st/stm32cubeide_1.12.0/stm32cubeide/plugins/com.st.stm32cube.ide.mcu.externaltools.gnu-tools-for-stm32.10.3-2021.10.win32_1.0.200.202301161003/tools/bin/../lib/gcc/arm-none-eabi/10.3.1/thumb/v7e-m+fp/hard/crtn.o
 *(.fini)
 .fini          0x0000000008006848        0x4 c:/st/stm32cubeide_1.12.0/stm32cubeide/plugins/com.st.stm32cube.ide.mcu.externaltools.gnu-tools-for-stm32.10.3-2021.10.win32_1.0.200.202301161003/tools/bin/../lib/gcc/arm-none-eabi/10.3.1/thumb/v7e-m+fp/hard/crti.o
                0x0000000008006848                _fini
 .fini          0x000000000800684c        0x8 c:/st/stm32cubeide_1.12.0/stm32cubeide/plugins/com.st.stm32cube.ide.mcu.externaltools.gnu-tools-for-stm32.10.3-2021.10.win32_1.0.200.202301161003/tools/bin/../lib/gcc/arm-none-eabi/10.3.1/thumb/v7e-m+fp/hard/crtn.o
                0x0000000008006854                . = ALIGN (0x4)
                0x0000000008006854                _etext = .

.vfp11_veneer   0x0000000008006854        0x0
 .vfp11_veneer  0x0000000008006854        0x0 linker stubs

.v4_bx          0x0000000008006854        0x0
 .v4_bx         0x0000000008006854        0x0 linker stubs

.iplt           0x0000000008006854        0x0
 .iplt          0x0000000008006854        0x0 c:/st/stm32cubeide_1.12.0/stm32cubeide/plugins/com.st.stm32cube.ide.mcu.externaltools.gnu-tools-for-stm32.10.3-2021.10.win32_1.0.200.202301161003/tools/bin/../lib/gcc/arm-none-eabi/10.3.1/thumb/v7e-m+fp/hard/crtbegin.o

.rodata         0x0000000008006854      0x220
                0x0000000008006854                . = ALIGN (0x4)
 *(.rodata)
 .rodata        0x0000000008006854       0x60 ./Core/Src/kb.o
 .rodata        0x00000000080068b4       0x95 ./Core/Src/music_pr.o
 *fill*         0x0000000008006949        0x3 
 .rodata        0x000000000800694c       0xdb ./Core/Src/traffic_light.o
 *(.rodata*)
 *fill*         0x0000000008006a27        0x1 
 .rodata.AHBPrescTable
                0x0000000008006a28       0x10 ./Core/Src/system_stm32f4xx.o
                0x0000000008006a28                AHBPrescTable
 .rodata.APBPrescTable
                0x0000000008006a38        0x8 ./Core/Src/system_stm32f4xx.o
                0x0000000008006a38                APBPrescTable
 .rodata._svfprintf_r.str1.1
                0x0000000008006a40       0x11 c:/st/stm32cubeide_1.12.0/stm32cubeide/plugins/com.st.stm32cube.ide.mcu.externaltools.gnu-tools-for-stm32.10.3-2021.10.win32_1.0.200.202301161003/tools/bin/../lib/gcc/arm-none-eabi/10.3.1/../../../../arm-none-eabi/lib/thumb/v7e-m+fp/hard\libc_nano.a(lib_a-nano-svfprintf.o)
 .rodata._printf_i.str1.1
                0x0000000008006a51       0x22 c:/st/stm32cubeide_1.12.0/stm32cubeide/plugins/com.st.stm32cube.ide.mcu.externaltools.gnu-tools-for-stm32.10.3-2021.10.win32_1.0.200.202301161003/tools/bin/../lib/gcc/arm-none-eabi/10.3.1/../../../../arm-none-eabi/lib/thumb/v7e-m+fp/hard\libc_nano.a(lib_a-nano-vfprintf_i.o)
                0x0000000008006a74                . = ALIGN (0x4)
 *fill*         0x0000000008006a73        0x1 

.ARM.extab      0x0000000008006a74        0x0
                0x0000000008006a74                . = ALIGN (0x4)
 *(.ARM.extab* .gnu.linkonce.armextab.*)
                0x0000000008006a74                . = ALIGN (0x4)

.ARM            0x0000000008006a74        0x8
                0x0000000008006a74                . = ALIGN (0x4)
                0x0000000008006a74                __exidx_start = .
 *(.ARM.exidx*)
 .ARM.exidx     0x0000000008006a74        0x8 c:/st/stm32cubeide_1.12.0/stm32cubeide/plugins/com.st.stm32cube.ide.mcu.externaltools.gnu-tools-for-stm32.10.3-2021.10.win32_1.0.200.202301161003/tools/bin/../lib/gcc/arm-none-eabi/10.3.1/thumb/v7e-m+fp/hard\libgcc.a(_udivmoddi4.o)
                0x0000000008006a7c                __exidx_end = .
                0x0000000008006a7c                . = ALIGN (0x4)

.rel.dyn        0x0000000008006a7c        0x0
 .rel.iplt      0x0000000008006a7c        0x0 c:/st/stm32cubeide_1.12.0/stm32cubeide/plugins/com.st.stm32cube.ide.mcu.externaltools.gnu-tools-for-stm32.10.3-2021.10.win32_1.0.200.202301161003/tools/bin/../lib/gcc/arm-none-eabi/10.3.1/thumb/v7e-m+fp/hard/crtbegin.o

.preinit_array  0x0000000008006a7c        0x0
                0x0000000008006a7c                . = ALIGN (0x4)
                0x0000000008006a7c                PROVIDE (__preinit_array_start = .)
 *(.preinit_array*)
                0x0000000008006a7c                PROVIDE (__preinit_array_end = .)
                0x0000000008006a7c                . = ALIGN (0x4)

.init_array     0x0000000008006a7c        0x4
                0x0000000008006a7c                . = ALIGN (0x4)
                0x0000000008006a7c                PROVIDE (__init_array_start = .)
 *(SORT_BY_NAME(.init_array.*))
 *(.init_array*)
 .init_array    0x0000000008006a7c        0x4 c:/st/stm32cubeide_1.12.0/stm32cubeide/plugins/com.st.stm32cube.ide.mcu.externaltools.gnu-tools-for-stm32.10.3-2021.10.win32_1.0.200.202301161003/tools/bin/../lib/gcc/arm-none-eabi/10.3.1/thumb/v7e-m+fp/hard/crtbegin.o
                0x0000000008006a80                PROVIDE (__init_array_end = .)
                0x0000000008006a80                . = ALIGN (0x4)

.fini_array     0x0000000008006a80        0x4
                0x0000000008006a80                . = ALIGN (0x4)
                [!provide]                        PROVIDE (__fini_array_start = .)
 *(SORT_BY_NAME(.fini_array.*))
 *(.fini_array*)
 .fini_array    0x0000000008006a80        0x4 c:/st/stm32cubeide_1.12.0/stm32cubeide/plugins/com.st.stm32cube.ide.mcu.externaltools.gnu-tools-for-stm32.10.3-2021.10.win32_1.0.200.202301161003/tools/bin/../lib/gcc/arm-none-eabi/10.3.1/thumb/v7e-m+fp/hard/crtbegin.o
                [!provide]                        PROVIDE (__fini_array_end = .)
                0x0000000008006a84                . = ALIGN (0x4)
                0x0000000008006a84                _sidata = LOADADDR (.data)

.data           0x0000000020000000      0x190 load address 0x0000000008006a84
                0x0000000020000000                . = ALIGN (0x4)
                0x0000000020000000                _sdata = .
 *(.data)
 *(.data*)
 .data.now_oktav
                0x0000000020000000        0x4 ./Core/Src/music_pr.o
                0x0000000020000000                now_oktav
 .data.music_time
                0x0000000020000004        0x4 ./Core/Src/music_pr.o
                0x0000000020000004                music_time
 .data.oktava_info
                0x0000000020000008       0xfc ./Core/Src/music_pr.o
                0x0000000020000008                oktava_info
 .data.noteNames
                0x0000000020000104       0x1c ./Core/Src/music_pr.o
                0x0000000020000104                noteNames
 .data.SystemCoreClock
                0x0000000020000120        0x4 ./Core/Src/system_stm32f4xx.o
                0x0000000020000120                SystemCoreClock
 .data.uwTickPrio
                0x0000000020000124        0x4 ./Drivers/STM32F4xx_HAL_Driver/Src/stm32f4xx_hal.o
                0x0000000020000124                uwTickPrio
 .data.uwTickFreq
                0x0000000020000128        0x1 ./Drivers/STM32F4xx_HAL_Driver/Src/stm32f4xx_hal.o
                0x0000000020000128                uwTickFreq
 *fill*         0x0000000020000129        0x3 
 .data._impure_ptr
                0x000000002000012c        0x4 c:/st/stm32cubeide_1.12.0/stm32cubeide/plugins/com.st.stm32cube.ide.mcu.externaltools.gnu-tools-for-stm32.10.3-2021.10.win32_1.0.200.202301161003/tools/bin/../lib/gcc/arm-none-eabi/10.3.1/../../../../arm-none-eabi/lib/thumb/v7e-m+fp/hard\libc_nano.a(lib_a-impure.o)
                0x000000002000012c                _impure_ptr
 .data.impure_data
                0x0000000020000130       0x60 c:/st/stm32cubeide_1.12.0/stm32cubeide/plugins/com.st.stm32cube.ide.mcu.externaltools.gnu-tools-for-stm32.10.3-2021.10.win32_1.0.200.202301161003/tools/bin/../lib/gcc/arm-none-eabi/10.3.1/../../../../arm-none-eabi/lib/thumb/v7e-m+fp/hard\libc_nano.a(lib_a-impure.o)
 *(.RamFunc)
 *(.RamFunc*)
                0x0000000020000190                . = ALIGN (0x4)
                0x0000000020000190                _edata = .
                0x0000000008006c14                _siccmram = LOADADDR (.ccmram)

.igot.plt       0x0000000020000190        0x0 load address 0x0000000008006c14
 .igot.plt      0x0000000020000190        0x0 c:/st/stm32cubeide_1.12.0/stm32cubeide/plugins/com.st.stm32cube.ide.mcu.externaltools.gnu-tools-for-stm32.10.3-2021.10.win32_1.0.200.202301161003/tools/bin/../lib/gcc/arm-none-eabi/10.3.1/thumb/v7e-m+fp/hard/crtbegin.o

.ccmram         0x0000000010000000        0x0 load address 0x0000000008006c14
                0x0000000010000000                . = ALIGN (0x4)
                0x0000000010000000                _sccmram = .
 *(.ccmram)
 *(.ccmram*)
                0x0000000010000000                . = ALIGN (0x4)
                0x0000000010000000                _eccmram = .
                0x0000000010000000                . = ALIGN (0x4)

.bss            0x0000000020000190      0x5a8
                0x0000000020000190                _sbss = .
                0x0000000020000190                __bss_start__ = _sbss
 *(.bss)
 .bss           0x0000000020000190       0x1c c:/st/stm32cubeide_1.12.0/stm32cubeide/plugins/com.st.stm32cube.ide.mcu.externaltools.gnu-tools-for-stm32.10.3-2021.10.win32_1.0.200.202301161003/tools/bin/../lib/gcc/arm-none-eabi/10.3.1/thumb/v7e-m+fp/hard/crtbegin.o
 *(.bss*)
 .bss.hi2c1     0x00000000200001ac       0x54 ./Core/Src/i2c.o
                0x00000000200001ac                hi2c1
 .bss.click_cnt
                0x0000000020000200       0x34 ./Core/Src/kb_up.o
                0x0000000020000200                click_cnt
 .bss.fsm_obj   0x0000000020000234       0x2c ./Core/Src/main.o
                0x0000000020000234                fsm_obj
 .bss.el        0x0000000020000260        0x1 ./Core/Src/main.o
                0x0000000020000260                el
 *fill*         0x0000000020000261        0x3 
 .bss.in_buffer_IT
                0x0000000020000264       0x32 ./Core/Src/main.o
                0x0000000020000264                in_buffer_IT
 *fill*         0x0000000020000296        0x2 
 .bss.len_in_buf
                0x0000000020000298        0x4 ./Core/Src/main.o
 .bss.send_req  0x000000002000029c        0x4 ./Core/Src/main.o
 .bss.datas     0x00000000200002a0      0x3e8 ./Core/Src/main.o
                0x00000000200002a0                datas
 .bss.already_printed
                0x0000000020000688        0x4 ./Core/Src/main.o
 .bss.last_data
                0x000000002000068c        0x4 ./Core/Src/main.o
 .bss.__sbrk_heap_end
                0x0000000020000690        0x4 ./Core/Src/sysmem.o
 .bss.htim1     0x0000000020000694       0x48 ./Core/Src/tim.o
                0x0000000020000694                htim1
 .bss.prev.0    0x00000000200006dc        0x4 ./Core/Src/traffic_light.o
 .bss.huart6    0x00000000200006e0       0x44 ./Core/Src/usart.o
                0x00000000200006e0                huart6
 .bss.uwTick    0x0000000020000724        0x4 ./Drivers/STM32F4xx_HAL_Driver/Src/stm32f4xx_hal.o
                0x0000000020000724                uwTick
 .bss.__malloc_free_list
                0x0000000020000728        0x4 c:/st/stm32cubeide_1.12.0/stm32cubeide/plugins/com.st.stm32cube.ide.mcu.externaltools.gnu-tools-for-stm32.10.3-2021.10.win32_1.0.200.202301161003/tools/bin/../lib/gcc/arm-none-eabi/10.3.1/../../../../arm-none-eabi/lib/thumb/v7e-m+fp/hard\libc_nano.a(lib_a-nano-mallocr.o)
                0x0000000020000728                __malloc_free_list
 .bss.__malloc_sbrk_start
                0x000000002000072c        0x4 c:/st/stm32cubeide_1.12.0/stm32cubeide/plugins/com.st.stm32cube.ide.mcu.externaltools.gnu-tools-for-stm32.10.3-2021.10.win32_1.0.200.202301161003/tools/bin/../lib/gcc/arm-none-eabi/10.3.1/../../../../arm-none-eabi/lib/thumb/v7e-m+fp/hard\libc_nano.a(lib_a-nano-mallocr.o)
                0x000000002000072c                __malloc_sbrk_start
 .bss.errno     0x0000000020000730        0x4 c:/st/stm32cubeide_1.12.0/stm32cubeide/plugins/com.st.stm32cube.ide.mcu.externaltools.gnu-tools-for-stm32.10.3-2021.10.win32_1.0.200.202301161003/tools/bin/../lib/gcc/arm-none-eabi/10.3.1/../../../../arm-none-eabi/lib/thumb/v7e-m+fp/hard\libc_nano.a(lib_a-reent.o)
                0x0000000020000730                errno
 .bss.__lock___malloc_recursive_mutex
                0x0000000020000734        0x1 c:/st/stm32cubeide_1.12.0/stm32cubeide/plugins/com.st.stm32cube.ide.mcu.externaltools.gnu-tools-for-stm32.10.3-2021.10.win32_1.0.200.202301161003/tools/bin/../lib/gcc/arm-none-eabi/10.3.1/../../../../arm-none-eabi/lib/thumb/v7e-m+fp/hard\libc_nano.a(lib_a-lock.o)
                0x0000000020000734                __lock___malloc_recursive_mutex
 *(COMMON)
                0x0000000020000738                . = ALIGN (0x4)
 *fill*         0x0000000020000735        0x3 
                0x0000000020000738                _ebss = .
                0x0000000020000738                __bss_end__ = _ebss

._user_heap_stack
                0x0000000020000738      0x600
                0x0000000020000738                . = ALIGN (0x8)
                [!provide]                        PROVIDE (end = .)
                0x0000000020000738                PROVIDE (_end = .)
                0x0000000020000938                . = (. + _Min_Heap_Size)
 *fill*         0x0000000020000738      0x200 
                0x0000000020000d38                . = (. + _Min_Stack_Size)
 *fill*         0x0000000020000938      0x400 
                0x0000000020000d38                . = ALIGN (0x8)

/DISCARD/
 libc.a(*)
 libm.a(*)
 libgcc.a(*)

.ARM.attributes
                0x0000000000000000       0x30
 *(.ARM.attributes)
 .ARM.attributes
                0x0000000000000000       0x1e c:/st/stm32cubeide_1.12.0/stm32cubeide/plugins/com.st.stm32cube.ide.mcu.externaltools.gnu-tools-for-stm32.10.3-2021.10.win32_1.0.200.202301161003/tools/bin/../lib/gcc/arm-none-eabi/10.3.1/thumb/v7e-m+fp/hard/crti.o
 .ARM.attributes
                0x000000000000001e       0x34 c:/st/stm32cubeide_1.12.0/stm32cubeide/plugins/com.st.stm32cube.ide.mcu.externaltools.gnu-tools-for-stm32.10.3-2021.10.win32_1.0.200.202301161003/tools/bin/../lib/gcc/arm-none-eabi/10.3.1/thumb/v7e-m+fp/hard/crtbegin.o
 .ARM.attributes
                0x0000000000000052       0x34 ./Core/Src/gpio.o
 .ARM.attributes
                0x0000000000000086       0x34 ./Core/Src/i2c.o
 .ARM.attributes
                0x00000000000000ba       0x34 ./Core/Src/kb.o
 .ARM.attributes
                0x00000000000000ee       0x34 ./Core/Src/kb_up.o
 .ARM.attributes
                0x0000000000000122       0x34 ./Core/Src/main.o
 .ARM.attributes
                0x0000000000000156       0x34 ./Core/Src/music_pr.o
 .ARM.attributes
                0x000000000000018a       0x34 ./Core/Src/pca9538.o
 .ARM.attributes
                0x00000000000001be       0x34 ./Core/Src/stm32f4xx_hal_msp.o
 .ARM.attributes
                0x00000000000001f2       0x34 ./Core/Src/stm32f4xx_it.o
 .ARM.attributes
                0x0000000000000226       0x34 ./Core/Src/sysmem.o
 .ARM.attributes
                0x000000000000025a       0x34 ./Core/Src/system_stm32f4xx.o
 .ARM.attributes
                0x000000000000028e       0x34 ./Core/Src/tim.o
 .ARM.attributes
                0x00000000000002c2       0x34 ./Core/Src/traffic_light.o
 .ARM.attributes
                0x00000000000002f6       0x34 ./Core/Src/usart.o
 .ARM.attributes
                0x000000000000032a       0x21 ./Core/Startup/startup_stm32f427vitx.o
 .ARM.attributes
                0x000000000000034b       0x34 ./Drivers/STM32F4xx_HAL_Driver/Src/stm32f4xx_hal.o
 .ARM.attributes
                0x000000000000037f       0x34 ./Drivers/STM32F4xx_HAL_Driver/Src/stm32f4xx_hal_cortex.o
 .ARM.attributes
                0x00000000000003b3       0x34 ./Drivers/STM32F4xx_HAL_Driver/Src/stm32f4xx_hal_dma.o
 .ARM.attributes
                0x00000000000003e7       0x34 ./Drivers/STM32F4xx_HAL_Driver/Src/stm32f4xx_hal_gpio.o
 .ARM.attributes
                0x000000000000041b       0x34 ./Drivers/STM32F4xx_HAL_Driver/Src/stm32f4xx_hal_i2c.o
 .ARM.attributes
                0x000000000000044f       0x34 ./Drivers/STM32F4xx_HAL_Driver/Src/stm32f4xx_hal_i2c_ex.o
 .ARM.attributes
                0x0000000000000483       0x34 ./Drivers/STM32F4xx_HAL_Driver/Src/stm32f4xx_hal_rcc.o
 .ARM.attributes
                0x00000000000004b7       0x34 ./Drivers/STM32F4xx_HAL_Driver/Src/stm32f4xx_hal_tim.o
 .ARM.attributes
                0x00000000000004eb       0x34 ./Drivers/STM32F4xx_HAL_Driver/Src/stm32f4xx_hal_tim_ex.o
 .ARM.attributes
                0x000000000000051f       0x34 ./Drivers/STM32F4xx_HAL_Driver/Src/stm32f4xx_hal_uart.o
 .ARM.attributes
                0x0000000000000553       0x34 c:/st/stm32cubeide_1.12.0/stm32cubeide/plugins/com.st.stm32cube.ide.mcu.externaltools.gnu-tools-for-stm32.10.3-2021.10.win32_1.0.200.202301161003/tools/bin/../lib/gcc/arm-none-eabi/10.3.1/../../../../arm-none-eabi/lib/thumb/v7e-m+fp/hard\libc_nano.a(lib_a-errno.o)
 .ARM.attributes
                0x0000000000000587       0x34 c:/st/stm32cubeide_1.12.0/stm32cubeide/plugins/com.st.stm32cube.ide.mcu.externaltools.gnu-tools-for-stm32.10.3-2021.10.win32_1.0.200.202301161003/tools/bin/../lib/gcc/arm-none-eabi/10.3.1/../../../../arm-none-eabi/lib/thumb/v7e-m+fp/hard\libc_nano.a(lib_a-impure.o)
 .ARM.attributes
                0x00000000000005bb       0x34 c:/st/stm32cubeide_1.12.0/stm32cubeide/plugins/com.st.stm32cube.ide.mcu.externaltools.gnu-tools-for-stm32.10.3-2021.10.win32_1.0.200.202301161003/tools/bin/../lib/gcc/arm-none-eabi/10.3.1/../../../../arm-none-eabi/lib/thumb/v7e-m+fp/hard\libc_nano.a(lib_a-init.o)
 .ARM.attributes
                0x00000000000005ef       0x34 c:/st/stm32cubeide_1.12.0/stm32cubeide/plugins/com.st.stm32cube.ide.mcu.externaltools.gnu-tools-for-stm32.10.3-2021.10.win32_1.0.200.202301161003/tools/bin/../lib/gcc/arm-none-eabi/10.3.1/../../../../arm-none-eabi/lib/thumb/v7e-m+fp/hard\libc_nano.a(lib_a-memset.o)
 .ARM.attributes
                0x0000000000000623       0x34 c:/st/stm32cubeide_1.12.0/stm32cubeide/plugins/com.st.stm32cube.ide.mcu.externaltools.gnu-tools-for-stm32.10.3-2021.10.win32_1.0.200.202301161003/tools/bin/../lib/gcc/arm-none-eabi/10.3.1/../../../../arm-none-eabi/lib/thumb/v7e-m+fp/hard\libc_nano.a(lib_a-sprintf.o)
 .ARM.attributes
                0x0000000000000657       0x34 c:/st/stm32cubeide_1.12.0/stm32cubeide/plugins/com.st.stm32cube.ide.mcu.externaltools.gnu-tools-for-stm32.10.3-2021.10.win32_1.0.200.202301161003/tools/bin/../lib/gcc/arm-none-eabi/10.3.1/../../../../arm-none-eabi/lib/thumb/v7e-m+fp/hard\libc_nano.a(lib_a-strncmp.o)
 .ARM.attributes
                0x000000000000068b       0x34 c:/st/stm32cubeide_1.12.0/stm32cubeide/plugins/com.st.stm32cube.ide.mcu.externaltools.gnu-tools-for-stm32.10.3-2021.10.win32_1.0.200.202301161003/tools/bin/../lib/gcc/arm-none-eabi/10.3.1/../../../../arm-none-eabi/lib/thumb/v7e-m+fp/hard\libc_nano.a(lib_a-strstr.o)
 .ARM.attributes
                0x00000000000006bf       0x34 c:/st/stm32cubeide_1.12.0/stm32cubeide/plugins/com.st.stm32cube.ide.mcu.externaltools.gnu-tools-for-stm32.10.3-2021.10.win32_1.0.200.202301161003/tools/bin/../lib/gcc/arm-none-eabi/10.3.1/../../../../arm-none-eabi/lib/thumb/v7e-m+fp/hard\libc_nano.a(lib_a-nano-svfprintf.o)
 .ARM.attributes
                0x00000000000006f3       0x34 c:/st/stm32cubeide_1.12.0/stm32cubeide/plugins/com.st.stm32cube.ide.mcu.externaltools.gnu-tools-for-stm32.10.3-2021.10.win32_1.0.200.202301161003/tools/bin/../lib/gcc/arm-none-eabi/10.3.1/../../../../arm-none-eabi/lib/thumb/v7e-m+fp/hard\libc_nano.a(lib_a-nano-vfprintf_i.o)
 .ARM.attributes
                0x0000000000000727       0x1c c:/st/stm32cubeide_1.12.0/stm32cubeide/plugins/com.st.stm32cube.ide.mcu.externaltools.gnu-tools-for-stm32.10.3-2021.10.win32_1.0.200.202301161003/tools/bin/../lib/gcc/arm-none-eabi/10.3.1/../../../../arm-none-eabi/lib/thumb/v7e-m+fp/hard\libc_nano.a(lib_a-memchr.o)
 .ARM.attributes
                0x0000000000000743       0x34 c:/st/stm32cubeide_1.12.0/stm32cubeide/plugins/com.st.stm32cube.ide.mcu.externaltools.gnu-tools-for-stm32.10.3-2021.10.win32_1.0.200.202301161003/tools/bin/../lib/gcc/arm-none-eabi/10.3.1/../../../../arm-none-eabi/lib/thumb/v7e-m+fp/hard\libc_nano.a(lib_a-memcpy-stub.o)
 .ARM.attributes
                0x0000000000000777       0x34 c:/st/stm32cubeide_1.12.0/stm32cubeide/plugins/com.st.stm32cube.ide.mcu.externaltools.gnu-tools-for-stm32.10.3-2021.10.win32_1.0.200.202301161003/tools/bin/../lib/gcc/arm-none-eabi/10.3.1/../../../../arm-none-eabi/lib/thumb/v7e-m+fp/hard\libc_nano.a(lib_a-memmove.o)
 .ARM.attributes
                0x00000000000007ab       0x34 c:/st/stm32cubeide_1.12.0/stm32cubeide/plugins/com.st.stm32cube.ide.mcu.externaltools.gnu-tools-for-stm32.10.3-2021.10.win32_1.0.200.202301161003/tools/bin/../lib/gcc/arm-none-eabi/10.3.1/../../../../arm-none-eabi/lib/thumb/v7e-m+fp/hard\libc_nano.a(lib_a-nano-freer.o)
 .ARM.attributes
                0x00000000000007df       0x34 c:/st/stm32cubeide_1.12.0/stm32cubeide/plugins/com.st.stm32cube.ide.mcu.externaltools.gnu-tools-for-stm32.10.3-2021.10.win32_1.0.200.202301161003/tools/bin/../lib/gcc/arm-none-eabi/10.3.1/../../../../arm-none-eabi/lib/thumb/v7e-m+fp/hard\libc_nano.a(lib_a-nano-mallocr.o)
 .ARM.attributes
                0x0000000000000813       0x34 c:/st/stm32cubeide_1.12.0/stm32cubeide/plugins/com.st.stm32cube.ide.mcu.externaltools.gnu-tools-for-stm32.10.3-2021.10.win32_1.0.200.202301161003/tools/bin/../lib/gcc/arm-none-eabi/10.3.1/../../../../arm-none-eabi/lib/thumb/v7e-m+fp/hard\libc_nano.a(lib_a-nano-reallocr.o)
 .ARM.attributes
                0x0000000000000847       0x34 c:/st/stm32cubeide_1.12.0/stm32cubeide/plugins/com.st.stm32cube.ide.mcu.externaltools.gnu-tools-for-stm32.10.3-2021.10.win32_1.0.200.202301161003/tools/bin/../lib/gcc/arm-none-eabi/10.3.1/../../../../arm-none-eabi/lib/thumb/v7e-m+fp/hard\libc_nano.a(lib_a-sbrkr.o)
 .ARM.attributes
                0x000000000000087b       0x34 c:/st/stm32cubeide_1.12.0/stm32cubeide/plugins/com.st.stm32cube.ide.mcu.externaltools.gnu-tools-for-stm32.10.3-2021.10.win32_1.0.200.202301161003/tools/bin/../lib/gcc/arm-none-eabi/10.3.1/../../../../arm-none-eabi/lib/thumb/v7e-m+fp/hard\libc_nano.a(lib_a-mlock.o)
 .ARM.attributes
                0x00000000000008af       0x34 c:/st/stm32cubeide_1.12.0/stm32cubeide/plugins/com.st.stm32cube.ide.mcu.externaltools.gnu-tools-for-stm32.10.3-2021.10.win32_1.0.200.202301161003/tools/bin/../lib/gcc/arm-none-eabi/10.3.1/../../../../arm-none-eabi/lib/thumb/v7e-m+fp/hard\libc_nano.a(lib_a-nano-msizer.o)
 .ARM.attributes
                0x00000000000008e3       0x34 c:/st/stm32cubeide_1.12.0/stm32cubeide/plugins/com.st.stm32cube.ide.mcu.externaltools.gnu-tools-for-stm32.10.3-2021.10.win32_1.0.200.202301161003/tools/bin/../lib/gcc/arm-none-eabi/10.3.1/../../../../arm-none-eabi/lib/thumb/v7e-m+fp/hard\libc_nano.a(lib_a-reent.o)
 .ARM.attributes
                0x0000000000000917       0x34 c:/st/stm32cubeide_1.12.0/stm32cubeide/plugins/com.st.stm32cube.ide.mcu.externaltools.gnu-tools-for-stm32.10.3-2021.10.win32_1.0.200.202301161003/tools/bin/../lib/gcc/arm-none-eabi/10.3.1/../../../../arm-none-eabi/lib/thumb/v7e-m+fp/hard\libc_nano.a(lib_a-lock.o)
 .ARM.attributes
                0x000000000000094b       0x1e c:/st/stm32cubeide_1.12.0/stm32cubeide/plugins/com.st.stm32cube.ide.mcu.externaltools.gnu-tools-for-stm32.10.3-2021.10.win32_1.0.200.202301161003/tools/bin/../lib/gcc/arm-none-eabi/10.3.1/thumb/v7e-m+fp/hard\libgcc.a(_aeabi_uldivmod.o)
 .ARM.attributes
                0x0000000000000969       0x34 c:/st/stm32cubeide_1.12.0/stm32cubeide/plugins/com.st.stm32cube.ide.mcu.externaltools.gnu-tools-for-stm32.10.3-2021.10.win32_1.0.200.202301161003/tools/bin/../lib/gcc/arm-none-eabi/10.3.1/thumb/v7e-m+fp/hard\libgcc.a(_udivmoddi4.o)
 .ARM.attributes
                0x000000000000099d       0x1e c:/st/stm32cubeide_1.12.0/stm32cubeide/plugins/com.st.stm32cube.ide.mcu.externaltools.gnu-tools-for-stm32.10.3-2021.10.win32_1.0.200.202301161003/tools/bin/../lib/gcc/arm-none-eabi/10.3.1/thumb/v7e-m+fp/hard\libgcc.a(_dvmd_tls.o)
 .ARM.attributes
                0x00000000000009bb       0x1e c:/st/stm32cubeide_1.12.0/stm32cubeide/plugins/com.st.stm32cube.ide.mcu.externaltools.gnu-tools-for-stm32.10.3-2021.10.win32_1.0.200.202301161003/tools/bin/../lib/gcc/arm-none-eabi/10.3.1/thumb/v7e-m+fp/hard/crtn.o
OUTPUT(lab1_1.elf elf32-littlearm)
LOAD linker stubs
LOAD c:/st/stm32cubeide_1.12.0/stm32cubeide/plugins/com.st.stm32cube.ide.mcu.externaltools.gnu-tools-for-stm32.10.3-2021.10.win32_1.0.200.202301161003/tools/bin/../lib/gcc/arm-none-eabi/10.3.1/../../../../arm-none-eabi/lib/thumb/v7e-m+fp/hard\libc.a
LOAD c:/st/stm32cubeide_1.12.0/stm32cubeide/plugins/com.st.stm32cube.ide.mcu.externaltools.gnu-tools-for-stm32.10.3-2021.10.win32_1.0.200.202301161003/tools/bin/../lib/gcc/arm-none-eabi/10.3.1/../../../../arm-none-eabi/lib/thumb/v7e-m+fp/hard\libm.a
LOAD c:/st/stm32cubeide_1.12.0/stm32cubeide/plugins/com.st.stm32cube.ide.mcu.externaltools.gnu-tools-for-stm32.10.3-2021.10.win32_1.0.200.202301161003/tools/bin/../lib/gcc/arm-none-eabi/10.3.1/thumb/v7e-m+fp/hard\libgcc.a

.debug_info     0x0000000000000000    0x14c9e
 .debug_info    0x0000000000000000      0x4c7 ./Core/Src/gpio.o
 .debug_info    0x00000000000004c7      0xa6e ./Core/Src/i2c.o
 .debug_info    0x0000000000000f35      0x831 ./Core/Src/kb.o
 .debug_info    0x0000000000001766      0x22f ./Core/Src/kb_up.o
 .debug_info    0x0000000000001995     0x118b ./Core/Src/main.o
 .debug_info    0x0000000000002b20      0xbac ./Core/Src/music_pr.o
 .debug_info    0x00000000000036cc      0x863 ./Core/Src/pca9538.o
 .debug_info    0x0000000000003f2f      0x2c4 ./Core/Src/stm32f4xx_hal_msp.o
 .debug_info    0x00000000000041f3      0x665 ./Core/Src/stm32f4xx_it.o
 .debug_info    0x0000000000004858      0x171 ./Core/Src/sysmem.o
 .debug_info    0x00000000000049c9      0x53f ./Core/Src/system_stm32f4xx.o
 .debug_info    0x0000000000004f08      0xd1d ./Core/Src/tim.o
 .debug_info    0x0000000000005c25     0x1152 ./Core/Src/traffic_light.o
 .debug_info    0x0000000000006d77      0xc5a ./Core/Src/usart.o
 .debug_info    0x00000000000079d1       0x22 ./Core/Startup/startup_stm32f427vitx.o
 .debug_info    0x00000000000079f3      0x9e8 ./Drivers/STM32F4xx_HAL_Driver/Src/stm32f4xx_hal.o
 .debug_info    0x00000000000083db      0xe45 ./Drivers/STM32F4xx_HAL_Driver/Src/stm32f4xx_hal_cortex.o
 .debug_info    0x0000000000009220      0x94f ./Drivers/STM32F4xx_HAL_Driver/Src/stm32f4xx_hal_dma.o
 .debug_info    0x0000000000009b6f      0x786 ./Drivers/STM32F4xx_HAL_Driver/Src/stm32f4xx_hal_gpio.o
 .debug_info    0x000000000000a2f5     0x2617 ./Drivers/STM32F4xx_HAL_Driver/Src/stm32f4xx_hal_i2c.o
 .debug_info    0x000000000000c90c      0x6b6 ./Drivers/STM32F4xx_HAL_Driver/Src/stm32f4xx_hal_i2c_ex.o
 .debug_info    0x000000000000cfc2      0x982 ./Drivers/STM32F4xx_HAL_Driver/Src/stm32f4xx_hal_rcc.o
 .debug_info    0x000000000000d944     0x2bbe ./Drivers/STM32F4xx_HAL_Driver/Src/stm32f4xx_hal_tim.o
 .debug_info    0x0000000000010502     0x15e0 ./Drivers/STM32F4xx_HAL_Driver/Src/stm32f4xx_hal_tim_ex.o
 .debug_info    0x0000000000011ae2     0x31bc ./Drivers/STM32F4xx_HAL_Driver/Src/stm32f4xx_hal_uart.o

.debug_abbrev   0x0000000000000000     0x300b
 .debug_abbrev  0x0000000000000000      0x146 ./Core/Src/gpio.o
 .debug_abbrev  0x0000000000000146      0x1f7 ./Core/Src/i2c.o
 .debug_abbrev  0x000000000000033d      0x1df ./Core/Src/kb.o
 .debug_abbrev  0x000000000000051c      0x161 ./Core/Src/kb_up.o
 .debug_abbrev  0x000000000000067d      0x314 ./Core/Src/main.o
 .debug_abbrev  0x0000000000000991      0x24e ./Core/Src/music_pr.o
 .debug_abbrev  0x0000000000000bdf      0x1aa ./Core/Src/pca9538.o
 .debug_abbrev  0x0000000000000d89       0xd4 ./Core/Src/stm32f4xx_hal_msp.o
 .debug_abbrev  0x0000000000000e5d      0x166 ./Core/Src/stm32f4xx_it.o
 .debug_abbrev  0x0000000000000fc3       0xbb ./Core/Src/sysmem.o
 .debug_abbrev  0x000000000000107e      0x116 ./Core/Src/system_stm32f4xx.o
 .debug_abbrev  0x0000000000001194      0x204 ./Core/Src/tim.o
 .debug_abbrev  0x0000000000001398      0x2d7 ./Core/Src/traffic_light.o
 .debug_abbrev  0x000000000000166f      0x205 ./Core/Src/usart.o
 .debug_abbrev  0x0000000000001874       0x12 ./Core/Startup/startup_stm32f427vitx.o
 .debug_abbrev  0x0000000000001886      0x20d ./Drivers/STM32F4xx_HAL_Driver/Src/stm32f4xx_hal.o
 .debug_abbrev  0x0000000000001a93      0x316 ./Drivers/STM32F4xx_HAL_Driver/Src/stm32f4xx_hal_cortex.o
 .debug_abbrev  0x0000000000001da9      0x25b ./Drivers/STM32F4xx_HAL_Driver/Src/stm32f4xx_hal_dma.o
 .debug_abbrev  0x0000000000002004      0x1c4 ./Drivers/STM32F4xx_HAL_Driver/Src/stm32f4xx_hal_gpio.o
 .debug_abbrev  0x00000000000021c8      0x297 ./Drivers/STM32F4xx_HAL_Driver/Src/stm32f4xx_hal_i2c.o
 .debug_abbrev  0x000000000000245f      0x14c ./Drivers/STM32F4xx_HAL_Driver/Src/stm32f4xx_hal_i2c_ex.o
 .debug_abbrev  0x00000000000025ab      0x2aa ./Drivers/STM32F4xx_HAL_Driver/Src/stm32f4xx_hal_rcc.o
 .debug_abbrev  0x0000000000002855      0x25d ./Drivers/STM32F4xx_HAL_Driver/Src/stm32f4xx_hal_tim.o
 .debug_abbrev  0x0000000000002ab2      0x265 ./Drivers/STM32F4xx_HAL_Driver/Src/stm32f4xx_hal_tim_ex.o
 .debug_abbrev  0x0000000000002d17      0x2f4 ./Drivers/STM32F4xx_HAL_Driver/Src/stm32f4xx_hal_uart.o

.debug_aranges  0x0000000000000000     0x10f0
 .debug_aranges
                0x0000000000000000       0x20 ./Core/Src/gpio.o
 .debug_aranges
                0x0000000000000020       0x30 ./Core/Src/i2c.o
 .debug_aranges
                0x0000000000000050       0x28 ./Core/Src/kb.o
 .debug_aranges
                0x0000000000000078       0x40 ./Core/Src/kb_up.o
 .debug_aranges
                0x00000000000000b8       0x60 ./Core/Src/main.o
 .debug_aranges
                0x0000000000000118       0x40 ./Core/Src/music_pr.o
 .debug_aranges
                0x0000000000000158       0x40 ./Core/Src/pca9538.o
 .debug_aranges
                0x0000000000000198       0x20 ./Core/Src/stm32f4xx_hal_msp.o
 .debug_aranges
                0x00000000000001b8       0x68 ./Core/Src/stm32f4xx_it.o
 .debug_aranges
                0x0000000000000220       0x20 ./Core/Src/sysmem.o
 .debug_aranges
                0x0000000000000240       0x28 ./Core/Src/system_stm32f4xx.o
 .debug_aranges
                0x0000000000000268       0x38 ./Core/Src/tim.o
 .debug_aranges
                0x00000000000002a0       0x70 ./Core/Src/traffic_light.o
 .debug_aranges
                0x0000000000000310       0x30 ./Core/Src/usart.o
 .debug_aranges
                0x0000000000000340       0x28 ./Core/Startup/startup_stm32f427vitx.o
 .debug_aranges
                0x0000000000000368      0x100 ./Drivers/STM32F4xx_HAL_Driver/Src/stm32f4xx_hal.o
 .debug_aranges
                0x0000000000000468      0x118 ./Drivers/STM32F4xx_HAL_Driver/Src/stm32f4xx_hal_cortex.o
 .debug_aranges
                0x0000000000000580       0x90 ./Drivers/STM32F4xx_HAL_Driver/Src/stm32f4xx_hal_dma.o
 .debug_aranges
                0x0000000000000610       0x58 ./Drivers/STM32F4xx_HAL_Driver/Src/stm32f4xx_hal_gpio.o
 .debug_aranges
                0x0000000000000668      0x2a0 ./Drivers/STM32F4xx_HAL_Driver/Src/stm32f4xx_hal_i2c.o
 .debug_aranges
                0x0000000000000908       0x28 ./Drivers/STM32F4xx_HAL_Driver/Src/stm32f4xx_hal_i2c_ex.o
 .debug_aranges
                0x0000000000000930       0x88 ./Drivers/STM32F4xx_HAL_Driver/Src/stm32f4xx_hal_rcc.o
 .debug_aranges
                0x00000000000009b8      0x3d0 ./Drivers/STM32F4xx_HAL_Driver/Src/stm32f4xx_hal_tim.o
 .debug_aranges
                0x0000000000000d88      0x168 ./Drivers/STM32F4xx_HAL_Driver/Src/stm32f4xx_hal_tim_ex.o
 .debug_aranges
                0x0000000000000ef0      0x200 ./Drivers/STM32F4xx_HAL_Driver/Src/stm32f4xx_hal_uart.o

.debug_ranges   0x0000000000000000      0xfb0
 .debug_ranges  0x0000000000000000       0x10 ./Core/Src/gpio.o
 .debug_ranges  0x0000000000000010       0x20 ./Core/Src/i2c.o
 .debug_ranges  0x0000000000000030       0x18 ./Core/Src/kb.o
 .debug_ranges  0x0000000000000048       0x30 ./Core/Src/kb_up.o
 .debug_ranges  0x0000000000000078       0x50 ./Core/Src/main.o
 .debug_ranges  0x00000000000000c8       0x30 ./Core/Src/music_pr.o
 .debug_ranges  0x00000000000000f8       0x30 ./Core/Src/pca9538.o
 .debug_ranges  0x0000000000000128       0x10 ./Core/Src/stm32f4xx_hal_msp.o
 .debug_ranges  0x0000000000000138       0x58 ./Core/Src/stm32f4xx_it.o
 .debug_ranges  0x0000000000000190       0x10 ./Core/Src/sysmem.o
 .debug_ranges  0x00000000000001a0       0x18 ./Core/Src/system_stm32f4xx.o
 .debug_ranges  0x00000000000001b8       0x28 ./Core/Src/tim.o
 .debug_ranges  0x00000000000001e0       0x60 ./Core/Src/traffic_light.o
 .debug_ranges  0x0000000000000240       0x20 ./Core/Src/usart.o
 .debug_ranges  0x0000000000000260       0x20 ./Core/Startup/startup_stm32f427vitx.o
 .debug_ranges  0x0000000000000280       0xf0 ./Drivers/STM32F4xx_HAL_Driver/Src/stm32f4xx_hal.o
 .debug_ranges  0x0000000000000370      0x108 ./Drivers/STM32F4xx_HAL_Driver/Src/stm32f4xx_hal_cortex.o
 .debug_ranges  0x0000000000000478       0x80 ./Drivers/STM32F4xx_HAL_Driver/Src/stm32f4xx_hal_dma.o
 .debug_ranges  0x00000000000004f8       0x48 ./Drivers/STM32F4xx_HAL_Driver/Src/stm32f4xx_hal_gpio.o
 .debug_ranges  0x0000000000000540      0x2a8 ./Drivers/STM32F4xx_HAL_Driver/Src/stm32f4xx_hal_i2c.o
 .debug_ranges  0x00000000000007e8       0x18 ./Drivers/STM32F4xx_HAL_Driver/Src/stm32f4xx_hal_i2c_ex.o
 .debug_ranges  0x0000000000000800       0x78 ./Drivers/STM32F4xx_HAL_Driver/Src/stm32f4xx_hal_rcc.o
 .debug_ranges  0x0000000000000878      0x3c0 ./Drivers/STM32F4xx_HAL_Driver/Src/stm32f4xx_hal_tim.o
 .debug_ranges  0x0000000000000c38      0x158 ./Drivers/STM32F4xx_HAL_Driver/Src/stm32f4xx_hal_tim_ex.o
 .debug_ranges  0x0000000000000d90      0x220 ./Drivers/STM32F4xx_HAL_Driver/Src/stm32f4xx_hal_uart.o

.debug_macro    0x0000000000000000    0x251cf
 .debug_macro   0x0000000000000000      0x1fb ./Core/Src/gpio.o
 .debug_macro   0x00000000000001fb      0xa78 ./Core/Src/gpio.o
 .debug_macro   0x0000000000000c73      0x2a1 ./Core/Src/gpio.o
 .debug_macro   0x0000000000000f14       0x2e ./Core/Src/gpio.o
 .debug_macro   0x0000000000000f42       0x28 ./Core/Src/gpio.o
 .debug_macro   0x0000000000000f6a       0x22 ./Core/Src/gpio.o
 .debug_macro   0x0000000000000f8c       0x8e ./Core/Src/gpio.o
 .debug_macro   0x000000000000101a       0x51 ./Core/Src/gpio.o
 .debug_macro   0x000000000000106b      0x103 ./Core/Src/gpio.o
 .debug_macro   0x000000000000116e       0x6a ./Core/Src/gpio.o
 .debug_macro   0x00000000000011d8      0x1df ./Core/Src/gpio.o
 .debug_macro   0x00000000000013b7       0x1c ./Core/Src/gpio.o
 .debug_macro   0x00000000000013d3       0x22 ./Core/Src/gpio.o
 .debug_macro   0x00000000000013f5       0xd9 ./Core/Src/gpio.o
 .debug_macro   0x00000000000014ce     0x102d ./Core/Src/gpio.o
 .debug_macro   0x00000000000024fb      0x11f ./Core/Src/gpio.o
 .debug_macro   0x000000000000261a    0x178a0 ./Core/Src/gpio.o
 .debug_macro   0x0000000000019eba       0x6d ./Core/Src/gpio.o
 .debug_macro   0x0000000000019f27     0x36f5 ./Core/Src/gpio.o
 .debug_macro   0x000000000001d61c      0x174 ./Core/Src/gpio.o
 .debug_macro   0x000000000001d790       0x5c ./Core/Src/gpio.o
 .debug_macro   0x000000000001d7ec      0xc6d ./Core/Src/gpio.o
 .debug_macro   0x000000000001e459      0x9fe ./Core/Src/gpio.o
 .debug_macro   0x000000000001ee57      0x115 ./Core/Src/gpio.o
 .debug_macro   0x000000000001ef6c      0x16f ./Core/Src/gpio.o
 .debug_macro   0x000000000001f0db       0xa5 ./Core/Src/gpio.o
 .debug_macro   0x000000000001f180      0x182 ./Core/Src/gpio.o
 .debug_macro   0x000000000001f302      0x287 ./Core/Src/gpio.o
 .debug_macro   0x000000000001f589       0x5f ./Core/Src/gpio.o
 .debug_macro   0x000000000001f5e8      0x236 ./Core/Src/gpio.o
 .debug_macro   0x000000000001f81e      0x132 ./Core/Src/gpio.o
 .debug_macro   0x000000000001f950      0x41d ./Core/Src/gpio.o
 .debug_macro   0x000000000001fd6d       0x2e ./Core/Src/gpio.o
 .debug_macro   0x000000000001fd9b      0x1b5 ./Core/Src/gpio.o
 .debug_macro   0x000000000001ff50       0x22 ./Core/Src/gpio.o
 .debug_macro   0x000000000001ff72       0xd6 ./Core/Src/gpio.o
 .debug_macro   0x0000000000020048      0x11a ./Core/Src/gpio.o
 .debug_macro   0x0000000000020162       0xe2 ./Core/Src/gpio.o
 .debug_macro   0x0000000000020244       0x89 ./Core/Src/gpio.o
 .debug_macro   0x00000000000202cd      0x8e6 ./Core/Src/gpio.o
 .debug_macro   0x0000000000020bb3       0x47 ./Core/Src/gpio.o
 .debug_macro   0x0000000000020bfa      0x295 ./Core/Src/gpio.o
 .debug_macro   0x0000000000020e8f      0x134 ./Core/Src/gpio.o
 .debug_macro   0x0000000000020fc3      0x1fb ./Core/Src/i2c.o
 .debug_macro   0x00000000000211be      0x372 ./Core/Src/kb.o
 .debug_macro   0x0000000000021530       0x22 ./Core/Src/kb.o
 .debug_macro   0x0000000000021552       0x16 ./Core/Src/kb.o
 .debug_macro   0x0000000000021568       0x52 ./Core/Src/kb.o
 .debug_macro   0x00000000000215ba       0x1e ./Core/Src/kb.o
 .debug_macro   0x00000000000215d8       0x3c ./Core/Src/kb.o
 .debug_macro   0x0000000000021614       0x34 ./Core/Src/kb.o
 .debug_macro   0x0000000000021648       0x16 ./Core/Src/kb.o
 .debug_macro   0x000000000002165e       0x35 ./Core/Src/kb.o
 .debug_macro   0x0000000000021693      0x341 ./Core/Src/kb.o
 .debug_macro   0x00000000000219d4       0x10 ./Core/Src/kb.o
 .debug_macro   0x00000000000219e4       0x16 ./Core/Src/kb.o
 .debug_macro   0x00000000000219fa       0x43 ./Core/Src/kb.o
 .debug_macro   0x0000000000021a3d       0x34 ./Core/Src/kb.o
 .debug_macro   0x0000000000021a71       0x10 ./Core/Src/kb.o
 .debug_macro   0x0000000000021a81       0x58 ./Core/Src/kb.o
 .debug_macro   0x0000000000021ad9       0x71 ./Core/Src/kb.o
 .debug_macro   0x0000000000021b4a       0x1c ./Core/Src/kb.o
 .debug_macro   0x0000000000021b66      0x12a ./Core/Src/kb.o
 .debug_macro   0x0000000000021c90       0x10 ./Core/Src/kb.o
 .debug_macro   0x0000000000021ca0       0x1c ./Core/Src/kb.o
 .debug_macro   0x0000000000021cbc       0x52 ./Core/Src/kb.o
 .debug_macro   0x0000000000021d0e       0x22 ./Core/Src/kb.o
 .debug_macro   0x0000000000021d30       0x10 ./Core/Src/kb.o
 .debug_macro   0x0000000000021d40       0x52 ./Core/Src/kb.o
 .debug_macro   0x0000000000021d92       0xd5 ./Core/Src/kb.o
 .debug_macro   0x0000000000021e67       0x1c ./Core/Src/kb.o
 .debug_macro   0x0000000000021e83       0x3d ./Core/Src/kb.o
 .debug_macro   0x0000000000021ec0       0x16 ./Core/Src/kb.o
 .debug_macro   0x0000000000021ed6      0x145 ./Core/Src/kb.o
 .debug_macro   0x000000000002201b      0x3ac ./Core/Src/kb_up.o
 .debug_macro   0x00000000000223c7       0x16 ./Core/Src/kb_up.o
 .debug_macro   0x00000000000223dd       0x20 ./Core/Src/kb_up.o
 .debug_macro   0x00000000000223fd      0x3ba ./Core/Src/main.o
 .debug_macro   0x00000000000227b7       0x10 ./Core/Src/main.o
 .debug_macro   0x00000000000227c7       0x1c ./Core/Src/main.o
 .debug_macro   0x00000000000227e3      0x36e ./Core/Src/music_pr.o
 .debug_macro   0x0000000000022b51      0x208 ./Core/Src/pca9538.o
 .debug_macro   0x0000000000022d59      0x1f1 ./Core/Src/stm32f4xx_hal_msp.o
 .debug_macro   0x0000000000022f4a      0x1fb ./Core/Src/stm32f4xx_it.o
 .debug_macro   0x0000000000023145       0xff ./Core/Src/sysmem.o
 .debug_macro   0x0000000000023244      0x23b ./Core/Src/sysmem.o
 .debug_macro   0x000000000002347f      0x1e7 ./Core/Src/system_stm32f4xx.o
 .debug_macro   0x0000000000023666      0x1fb ./Core/Src/tim.o
 .debug_macro   0x0000000000023861      0x394 ./Core/Src/traffic_light.o
 .debug_macro   0x0000000000023bf5      0x1fb ./Core/Src/usart.o
 .debug_macro   0x0000000000023df0      0x247 ./Drivers/STM32F4xx_HAL_Driver/Src/stm32f4xx_hal.o
 .debug_macro   0x0000000000024037      0x1e7 ./Drivers/STM32F4xx_HAL_Driver/Src/stm32f4xx_hal_cortex.o
 .debug_macro   0x000000000002421e      0x1ed ./Drivers/STM32F4xx_HAL_Driver/Src/stm32f4xx_hal_dma.o
 .debug_macro   0x000000000002440b      0x1ed ./Drivers/STM32F4xx_HAL_Driver/Src/stm32f4xx_hal_gpio.o
 .debug_macro   0x00000000000245f8      0x22e ./Drivers/STM32F4xx_HAL_Driver/Src/stm32f4xx_hal_i2c.o
 .debug_macro   0x0000000000024826      0x1e7 ./Drivers/STM32F4xx_HAL_Driver/Src/stm32f4xx_hal_i2c_ex.o
 .debug_macro   0x0000000000024a0d      0x20b ./Drivers/STM32F4xx_HAL_Driver/Src/stm32f4xx_hal_rcc.o
 .debug_macro   0x0000000000024c18      0x1e8 ./Drivers/STM32F4xx_HAL_Driver/Src/stm32f4xx_hal_tim.o
 .debug_macro   0x0000000000024e00      0x1e7 ./Drivers/STM32F4xx_HAL_Driver/Src/stm32f4xx_hal_tim_ex.o
 .debug_macro   0x0000000000024fe7      0x1e8 ./Drivers/STM32F4xx_HAL_Driver/Src/stm32f4xx_hal_uart.o

.debug_line     0x0000000000000000    0x17217
 .debug_line    0x0000000000000000      0x710 ./Core/Src/gpio.o
 .debug_line    0x0000000000000710      0x771 ./Core/Src/i2c.o
 .debug_line    0x0000000000000e81      0x9f5 ./Core/Src/kb.o
 .debug_line    0x0000000000001876      0xa8e ./Core/Src/kb_up.o
 .debug_line    0x0000000000002304      0xb17 ./Core/Src/main.o
 .debug_line    0x0000000000002e1b      0xa26 ./Core/Src/music_pr.o
 .debug_line    0x0000000000003841      0x7ae ./Core/Src/pca9538.o
 .debug_line    0x0000000000003fef      0x6f4 ./Core/Src/stm32f4xx_hal_msp.o
 .debug_line    0x00000000000046e3      0x7cf ./Core/Src/stm32f4xx_it.o
 .debug_line    0x0000000000004eb2      0x4f4 ./Core/Src/sysmem.o
 .debug_line    0x00000000000053a6      0x776 ./Core/Src/system_stm32f4xx.o
 .debug_line    0x0000000000005b1c      0x7dd ./Core/Src/tim.o
 .debug_line    0x00000000000062f9      0xc60 ./Core/Src/traffic_light.o
 .debug_line    0x0000000000006f59      0x761 ./Core/Src/usart.o
 .debug_line    0x00000000000076ba       0x88 ./Core/Startup/startup_stm32f427vitx.o
 .debug_line    0x0000000000007742      0xa12 ./Drivers/STM32F4xx_HAL_Driver/Src/stm32f4xx_hal.o
 .debug_line    0x0000000000008154      0xc8b ./Drivers/STM32F4xx_HAL_Driver/Src/stm32f4xx_hal_cortex.o
 .debug_line    0x0000000000008ddf      0xf40 ./Drivers/STM32F4xx_HAL_Driver/Src/stm32f4xx_hal_dma.o
 .debug_line    0x0000000000009d1f      0xb78 ./Drivers/STM32F4xx_HAL_Driver/Src/stm32f4xx_hal_gpio.o
 .debug_line    0x000000000000a897     0x3991 ./Drivers/STM32F4xx_HAL_Driver/Src/stm32f4xx_hal_i2c.o
 .debug_line    0x000000000000e228      0x76f ./Drivers/STM32F4xx_HAL_Driver/Src/stm32f4xx_hal_i2c_ex.o
 .debug_line    0x000000000000e997      0xd56 ./Drivers/STM32F4xx_HAL_Driver/Src/stm32f4xx_hal_rcc.o
 .debug_line    0x000000000000f6ed     0x36d0 ./Drivers/STM32F4xx_HAL_Driver/Src/stm32f4xx_hal_tim.o
 .debug_line    0x0000000000012dbd     0x19d9 ./Drivers/STM32F4xx_HAL_Driver/Src/stm32f4xx_hal_tim_ex.o
 .debug_line    0x0000000000014796     0x2a81 ./Drivers/STM32F4xx_HAL_Driver/Src/stm32f4xx_hal_uart.o

.debug_str      0x0000000000000000    0xda951
 .debug_str     0x0000000000000000    0xd197e ./Core/Src/gpio.o
                                      0xd1c08 (size before relaxing)
 .debug_str     0x00000000000d197e      0x538 ./Core/Src/i2c.o
                                      0xd2177 (size before relaxing)
 .debug_str     0x00000000000d1eb6     0x4068 ./Core/Src/kb.o
                                      0xd5d41 (size before relaxing)
 .debug_str     0x00000000000d5f1e      0x121 ./Core/Src/kb_up.o
                                      0xd58f2 (size before relaxing)
 .debug_str     0x00000000000d603f      0x614 ./Core/Src/main.o
                                      0xd6459 (size before relaxing)
 .debug_str     0x00000000000d6653       0xb2 ./Core/Src/music_pr.o
                                      0xd5fe7 (size before relaxing)
 .debug_str     0x00000000000d6705       0x8c ./Core/Src/pca9538.o
                                      0xd205f (size before relaxing)
 .debug_str     0x00000000000d6791       0x2c ./Core/Src/stm32f4xx_hal_msp.o
                                      0xd1b3d (size before relaxing)
 .debug_str     0x00000000000d67bd       0xef ./Core/Src/stm32f4xx_it.o
                                      0xd1f38 (size before relaxing)
 .debug_str     0x00000000000d68ac      0x4da ./Core/Src/sysmem.o
                                       0x5dc6 (size before relaxing)
 .debug_str     0x00000000000d6d86       0xdb ./Core/Src/system_stm32f4xx.o
                                      0xd1bed (size before relaxing)
 .debug_str     0x00000000000d6e61      0x29c ./Core/Src/tim.o
                                      0xd23e3 (size before relaxing)
 .debug_str     0x00000000000d70fd      0x694 ./Core/Src/traffic_light.o
                                      0xd660d (size before relaxing)
 .debug_str     0x00000000000d7791       0x66 ./Core/Src/usart.o
                                      0xd261e (size before relaxing)
 .debug_str     0x00000000000d77f7       0x36 ./Core/Startup/startup_stm32f427vitx.o
                                         0x70 (size before relaxing)
 .debug_str     0x00000000000d782d      0x63c ./Drivers/STM32F4xx_HAL_Driver/Src/stm32f4xx_hal.o
                                      0xd27f9 (size before relaxing)
 .debug_str     0x00000000000d7e69      0x32d ./Drivers/STM32F4xx_HAL_Driver/Src/stm32f4xx_hal_cortex.o
                                      0xd24de (size before relaxing)
 .debug_str     0x00000000000d8196      0x323 ./Drivers/STM32F4xx_HAL_Driver/Src/stm32f4xx_hal_dma.o
                                      0xd1ff4 (size before relaxing)
 .debug_str     0x00000000000d84b9      0x108 ./Drivers/STM32F4xx_HAL_Driver/Src/stm32f4xx_hal_gpio.o
                                      0xd1d68 (size before relaxing)
 .debug_str     0x00000000000d85c1      0xaa8 ./Drivers/STM32F4xx_HAL_Driver/Src/stm32f4xx_hal_i2c.o
                                      0xd2baa (size before relaxing)
 .debug_str     0x00000000000d9069       0x3b ./Drivers/STM32F4xx_HAL_Driver/Src/stm32f4xx_hal_i2c_ex.o
                                      0xd1fbc (size before relaxing)
 .debug_str     0x00000000000d90a4      0x213 ./Drivers/STM32F4xx_HAL_Driver/Src/stm32f4xx_hal_rcc.o
                                      0xd2021 (size before relaxing)
 .debug_str     0x00000000000d92b7      0xd51 ./Drivers/STM32F4xx_HAL_Driver/Src/stm32f4xx_hal_tim.o
                                      0xd2f54 (size before relaxing)
 .debug_str     0x00000000000da008      0x3e1 ./Drivers/STM32F4xx_HAL_Driver/Src/stm32f4xx_hal_tim_ex.o
                                      0xd2770 (size before relaxing)
 .debug_str     0x00000000000da3e9      0x568 ./Drivers/STM32F4xx_HAL_Driver/Src/stm32f4xx_hal_uart.o
                                      0xd25ad (size before relaxing)

.comment        0x0000000000000000       0x50
 .comment       0x0000000000000000       0x50 ./Core/Src/gpio.o
                                         0x51 (size before relaxing)
 .comment       0x0000000000000050       0x51 ./Core/Src/i2c.o
 .comment       0x0000000000000050       0x51 ./Core/Src/kb.o
 .comment       0x0000000000000050       0x51 ./Core/Src/kb_up.o
 .comment       0x0000000000000050       0x51 ./Core/Src/main.o
 .comment       0x0000000000000050       0x51 ./Core/Src/music_pr.o
 .comment       0x0000000000000050       0x51 ./Core/Src/pca9538.o
 .comment       0x0000000000000050       0x51 ./Core/Src/stm32f4xx_hal_msp.o
 .comment       0x0000000000000050       0x51 ./Core/Src/stm32f4xx_it.o
 .comment       0x0000000000000050       0x51 ./Core/Src/sysmem.o
 .comment       0x0000000000000050       0x51 ./Core/Src/system_stm32f4xx.o
 .comment       0x0000000000000050       0x51 ./Core/Src/tim.o
 .comment       0x0000000000000050       0x51 ./Core/Src/traffic_light.o
 .comment       0x0000000000000050       0x51 ./Core/Src/usart.o
 .comment       0x0000000000000050       0x51 ./Drivers/STM32F4xx_HAL_Driver/Src/stm32f4xx_hal.o
 .comment       0x0000000000000050       0x51 ./Drivers/STM32F4xx_HAL_Driver/Src/stm32f4xx_hal_cortex.o
 .comment       0x0000000000000050       0x51 ./Drivers/STM32F4xx_HAL_Driver/Src/stm32f4xx_hal_dma.o
 .comment       0x0000000000000050       0x51 ./Drivers/STM32F4xx_HAL_Driver/Src/stm32f4xx_hal_gpio.o
 .comment       0x0000000000000050       0x51 ./Drivers/STM32F4xx_HAL_Driver/Src/stm32f4xx_hal_i2c.o
 .comment       0x0000000000000050       0x51 ./Drivers/STM32F4xx_HAL_Driver/Src/stm32f4xx_hal_i2c_ex.o
 .comment       0x0000000000000050       0x51 ./Drivers/STM32F4xx_HAL_Driver/Src/stm32f4xx_hal_rcc.o
 .comment       0x0000000000000050       0x51 ./Drivers/STM32F4xx_HAL_Driver/Src/stm32f4xx_hal_tim.o
 .comment       0x0000000000000050       0x51 ./Drivers/STM32F4xx_HAL_Driver/Src/stm32f4xx_hal_tim_ex.o
 .comment       0x0000000000000050       0x51 ./Drivers/STM32F4xx_HAL_Driver/Src/stm32f4xx_hal_uart.o

.debug_frame    0x0000000000000000     0x4a28
 .debug_frame   0x0000000000000000       0x34 ./Core/Src/gpio.o
 .debug_frame   0x0000000000000034       0x74 ./Core/Src/i2c.o
 .debug_frame   0x00000000000000a8       0x60 ./Core/Src/kb.o
 .debug_frame   0x0000000000000108       0xd0 ./Core/Src/kb_up.o
 .debug_frame   0x00000000000001d8      0x138 ./Core/Src/main.o
 .debug_frame   0x0000000000000310       0xd4 ./Core/Src/music_pr.o
 .debug_frame   0x00000000000003e4       0xc4 ./Core/Src/pca9538.o
 .debug_frame   0x00000000000004a8       0x38 ./Core/Src/stm32f4xx_hal_msp.o
 .debug_frame   0x00000000000004e0      0x120 ./Core/Src/stm32f4xx_it.o
 .debug_frame   0x0000000000000600       0x34 ./Core/Src/sysmem.o
 .debug_frame   0x0000000000000634       0x58 ./Core/Src/system_stm32f4xx.o
 .debug_frame   0x000000000000068c       0xa8 ./Core/Src/tim.o
 .debug_frame   0x0000000000000734      0x1ac ./Core/Src/traffic_light.o